Archive member included to satisfy reference by file (symbol)

app/libapp.a(main.c.obj)      (--whole-archive)
app/libapp.a(io.c.obj)        (--whole-archive)
app/libapp.a(flash_map_extended.c.obj)
                              (--whole-archive)
app/libapp.a(os.c.obj)        (--whole-archive)
app/libapp.a(keys.c.obj)      (--whole-archive)
app/libapp.a(image_validate.c.obj)
                              (--whole-archive)
app/libapp.a(tlv.c.obj)       (--whole-archive)
app/libapp.a(encrypted.c.obj)
                              (--whole-archive)
app/libapp.a(image_rsa.c.obj)
                              (--whole-archive)
app/libapp.a(image_ecdsa.c.obj)
                              (--whole-archive)
app/libapp.a(image_ed25519.c.obj)
                              (--whole-archive)
app/libapp.a(bootutil_misc.c.obj)
                              (--whole-archive)
app/libapp.a(fault_injection_hardening.c.obj)
                              (--whole-archive)
app/libapp.a(loader.c.obj)    (--whole-archive)
app/libapp.a(swap_misc.c.obj)
                              (--whole-archive)
app/libapp.a(swap_scratch.c.obj)
                              (--whole-archive)
app/libapp.a(swap_move.c.obj)
                              (--whole-archive)
app/libapp.a(caps.c.obj)      (--whole-archive)
app/libapp.a(autogen-pubkey.c.obj)
                              (--whole-archive)
app/libapp.a(arm_cleanup.c.obj)
                              (--whole-archive)
app/libapp.a(nrf_cleanup.c.obj)
                              (--whole-archive)
zephyr/libzephyr.a(heap.c.obj)
                              (--whole-archive)
zephyr/libzephyr.a(cbprintf_packaged.c.obj)
                              (--whole-archive)
zephyr/libzephyr.a(printk.c.obj)
                              (--whole-archive)
zephyr/libzephyr.a(sem.c.obj)
                              (--whole-archive)
zephyr/libzephyr.a(thread_entry.c.obj)
                              (--whole-archive)
zephyr/libzephyr.a(cbprintf_nano.c.obj)
                              (--whole-archive)
zephyr/libzephyr.a(cbprintf.c.obj)
                              (--whole-archive)
zephyr/libzephyr.a(assert.c.obj)
                              (--whole-archive)
zephyr/libzephyr.a(dec.c.obj)
                              (--whole-archive)
zephyr/libzephyr.a(hex.c.obj)
                              (--whole-archive)
zephyr/libzephyr.a(rb.c.obj)  (--whole-archive)
zephyr/libzephyr.a(timeutil.c.obj)
                              (--whole-archive)
zephyr/libzephyr.a(bitarray.c.obj)
                              (--whole-archive)
zephyr/libzephyr.a(onoff.c.obj)
                              (--whole-archive)
zephyr/libzephyr.a(notify.c.obj)
                              (--whole-archive)
zephyr/libzephyr.a(configs.c.obj)
                              (--whole-archive)
zephyr/libzephyr.a(log_minimal.c.obj)
                              (--whole-archive)
zephyr/libzephyr.a(mem_attr.c.obj)
                              (--whole-archive)
zephyr/libzephyr.a(device.c.obj)
                              (--whole-archive)
zephyr/libzephyr.a(device_system_managed.c.obj)
                              (--whole-archive)
zephyr/libzephyr.a(flash_map.c.obj)
                              (--whole-archive)
zephyr/libzephyr.a(flash_map_layout.c.obj)
                              (--whole-archive)
zephyr/libzephyr.a(tracing_none.c.obj)
                              (--whole-archive)
zephyr/libzephyr.a(flash_util.c.obj)
                              (--whole-archive)
zephyr/libzephyr.a(banner.c.obj)
                              (--whole-archive)
zephyr/libzephyr.a(flash_map_partition_manager.c.obj)
                              (--whole-archive)
zephyr/libzephyr.a(nrf_cc3xx_platform_abort_zephyr.c.obj)
                              (--whole-archive)
zephyr/libzephyr.a(nrf_cc3xx_platform_no_mutex_zephyr.c.obj)
                              (--whole-archive)
zephyr/arch/common/libarch__common.a(sw_isr_common.c.obj)
                              (--whole-archive)
zephyr/arch/arch/arm/core/libarch__arm__core.a(fatal.c.obj)
                              (--whole-archive)
zephyr/arch/arch/arm/core/libarch__arm__core.a(nmi.c.obj)
                              (--whole-archive)
zephyr/arch/arch/arm/core/libarch__arm__core.a(nmi_on_reset.S.obj)
                              (--whole-archive)
zephyr/arch/arch/arm/core/cortex_m/libarch__arm__core__cortex_m.a(exc_exit.c.obj)
                              (--whole-archive)
zephyr/arch/arch/arm/core/cortex_m/libarch__arm__core__cortex_m.a(fault.c.obj)
                              (--whole-archive)
zephyr/arch/arch/arm/core/cortex_m/libarch__arm__core__cortex_m.a(fault_s.S.obj)
                              (--whole-archive)
zephyr/arch/arch/arm/core/cortex_m/libarch__arm__core__cortex_m.a(fpu.c.obj)
                              (--whole-archive)
zephyr/arch/arch/arm/core/cortex_m/libarch__arm__core__cortex_m.a(reset.S.obj)
                              (--whole-archive)
[...]
Memory Configuration

Name             Origin             Length             Attributes
FLASH            0x0000000000000000 0x000000000000c000 xr
RAM              0x0000000020000000 0x0000000000070000 xw
IDT_LIST         0x00000000ffff7fff 0x0000000000008000 xw
*default*        0x0000000000000000 0xffffffffffffffff

Linker script and memory map

LOAD zephyr/CMakeFiles/zephyr_final.dir/misc/empty_file.c.obj
LOAD zephyr/CMakeFiles/zephyr_final.dir/isr_tables.c.obj
LOAD zephyr/CMakeFiles/offsets.dir/./arch/arm/core/offsets/offsets.c.obj
LOAD app/libapp.a
LOAD zephyr/libzephyr.a
LOAD zephyr/arch/common/libarch__common.a
LOAD zephyr/arch/arch/arm/core/libarch__arm__core.a
LOAD zephyr/arch/arch/arm/core/cortex_m/libarch__arm__core__cortex_m.a
LOAD zephyr/arch/arch/arm/core/cortex_m/cmse/libarch__arm__core__cortex_m__cmse.a
LOAD zephyr/arch/arch/arm/core/mpu/libarch__arm__core__mpu.a
LOAD zephyr/lib/libc/minimal/liblib__libc__minimal.a
LOAD zephyr/lib/libc/common/liblib__libc__common.a
LOAD zephyr/soc/soc/nrf5340/libsoc__nordic.a
LOAD zephyr/drivers/clock_control/libdrivers__clock_control.a
LOAD zephyr/drivers/console/libdrivers__console.a
LOAD zephyr/drivers/flash/libdrivers__flash.a
LOAD zephyr/drivers/gpio/libdrivers__gpio.a
LOAD zephyr/drivers/pinctrl/libdrivers__pinctrl.a
LOAD zephyr/drivers/serial/libdrivers__serial.a
LOAD zephyr/drivers/timer/libdrivers__timer.a
LOAD modules/nrf/lib/fprotect/lib..__nrf__lib__fprotect.a
LOAD modules/nrf/drivers/hw_cc3xx/lib..__nrf__drivers__hw_cc3xx.a
LOAD modules/mcuboot/boot/bootutil/zephyr/libmcuboot_util.a
LOAD modules/mbedtls/libmbedTLSBase.a
LOAD modules/mbedtls/libmbedTLSCrypto.a
LOAD modules/mbedtls/libmbedTLSX509.a
LOAD modules/mbedtls/libmodules__mbedtls.a
LOAD modules/hal_nordic/nrfx/libmodules__hal_nordic__nrfx.a
LOAD zephyr/kernel/libkernel.a
LOAD zephyr/arch/common/libisr_tables.a
LOAD modules/mbedtls/libmbedTLSBase.a
LOAD modules/mbedtls/libmbedTLSCrypto.a
LOAD modules/mbedtls/libmbedTLSX509.a
LOAD /opt/nordic/ncs/v2.9.0/nrfxlib/crypto/nrf_cc312_platform/lib/cortex-m33/soft-float/no-interrupts/libnrf_cc312_platform_0.9.19.a
LOAD /opt/nordic/ncs/toolchains/f8037e9b83/opt/zephyr-sdk/arm-zephyr-eabi/bin/../lib/gcc/arm-zephyr-eabi/12.2.0/../../../../arm-zephyr-eabi/lib/thumb/v8-m.main/nofp/libc.a
LOAD /opt/nordic/ncs/toolchains/f8037e9b83/opt/zephyr-sdk/arm-zephyr-eabi/bin/../lib/gcc/arm-zephyr-eabi/12.2.0/thumb/v8-m.main/nofp/libgcc.a
                0x0000000000000020                _region_min_align = 0x20

.rel.plt        0x0000000000000000        0x0
 *(SORT_BY_ALIGNMENT(.rel.plt))
                [!provide]                        PROVIDE (__rel_iplt_start = .)
 *(SORT_BY_ALIGNMENT(.rel.iplt))
 .rel.iplt      0x0000000000000000        0x0 zephyr/CMakeFiles/zephyr_final.dir/isr_tables.c.obj
                [!provide]                        PROVIDE (__rel_iplt_end = .)

.rela.plt       0x0000000000000000        0x0
 *(SORT_BY_ALIGNMENT(.rela.plt))
                [!provide]                        PROVIDE (__rela_iplt_start = .)
 *(SORT_BY_ALIGNMENT(.rela.iplt))
                [!provide]                        PROVIDE (__rela_iplt_end = .)

.rel.dyn
 *(SORT_BY_ALIGNMENT(.rel.*))

.rela.dyn
 *(SORT_BY_ALIGNMENT(.rela.*))

/DISCARD/
 *(SORT_BY_ALIGNMENT(.plt))

/DISCARD/
 *(SORT_BY_ALIGNMENT(.iplt))
                0x0000000000000000                __rom_region_start = 0x0

rom_start       0x0000000000000000      0x154
                0x0000000000000000                __rom_start_address = .
 FILL mask 0x00
                0x0000000000000000                . = (. + (0x0 - (. - __rom_start_address)))
                0x0000000000000000                . = ALIGN (0x4)
                0x0000000000000000                . = ALIGN (0x80)
                0x0000000000000000                . = ALIGN (0x200)
                0x0000000000000000                _vector_start = .
 *(SORT_BY_ALIGNMENT(.exc_vector_table))
 *(SORT_BY_ALIGNMENT(.exc_vector_table.*))
 .exc_vector_table._vector_table_section
                0x0000000000000000       0x40 zephyr/arch/arch/arm/core/cortex_m/libarch__arm__core__cortex_m.a(vector_table.S.obj)
                0x0000000000000000                _vector_table
 *(SORT_BY_ALIGNMENT(.vectors))
                0x0000000000000154                _vector_end = .
                0x0000000000000040                . = ALIGN (0x4)
 *(SORT_BY_ALIGNMENT(.gnu.linkonce.irq_vector_table*))
 .gnu.linkonce.irq_vector_table
                0x0000000000000040      0x114 zephyr/CMakeFiles/zephyr_final.dir/isr_tables.c.obj
                0x0000000000000040                _irq_vector_table
                0x0000000000000154                _vector_end = .

text            0x0000000000000154     0x7768
                0x0000000000000154                __text_region_start = .
 *(SORT_BY_ALIGNMENT(.text))
 .text          0x0000000000000154       0x30 /opt/nordic/ncs/toolchains/f8037e9b83/opt/zephyr-sdk/arm-zephyr-eabi/bin/../lib/gcc/arm-zephyr-eabi/12.2.0/thumb/v8-m.main/nofp/libgcc.a(_aeabi_uldivmod.o)
                0x0000000000000154                __aeabi_uldivmod
 .text          0x0000000000000184        0x4 /opt/nordic/ncs/toolchains/f8037e9b83/opt/zephyr-sdk/arm-zephyr-eabi/bin/../lib/gcc/arm-zephyr-eabi/12.2.0/thumb/v8-m.main/nofp/libgcc.a(_dvmd_tls.o)
                0x0000000000000184                __aeabi_ldiv0
                0x0000000000000184                __aeabi_idiv0
 .text          0x0000000000000188      0x29c /opt/nordic/ncs/toolchains/f8037e9b83/opt/zephyr-sdk/arm-zephyr-eabi/bin/../lib/gcc/arm-zephyr-eabi/12.2.0/thumb/v8-m.main/nofp/libgcc.a(_udivmoddi4.o)
                0x0000000000000188                __udivmoddi4
 *(SORT_BY_ALIGNMENT(.text.*))
 .text.main     0x0000000000000424       0xe8 app/libapp.a(main.c.obj)
                0x0000000000000424                main
 .text.flash_device_base
                0x000000000000050c       0x20 app/libapp.a(flash_map_extended.c.obj)
                0x000000000000050c                flash_device_base
 .text.flash_area_id_from_multi_image_slot
                0x000000000000052c       0x24 app/libapp.a(flash_map_extended.c.obj)
                0x000000000000052c                flash_area_id_from_multi_image_slot
 .text.os_heap_init
                0x0000000000000550       0x10 app/libapp.a(os.c.obj)
                0x0000000000000550                os_heap_init
 .text.bootutil_img_validate
                0x0000000000000560      0x218 app/libapp.a(image_validate.c.obj)
                0x0000000000000560                bootutil_img_validate
 .text.bootutil_verify_sig
                0x0000000000000778      0x1f8 app/libapp.a(image_rsa.c.obj)
                0x0000000000000778                bootutil_verify_sig
 .text.boot_status_entries
                0x0000000000000970       0x2c app/libapp.a(bootutil_misc.c.obj)
                0x0000000000000970                boot_status_entries
 .text.boot_find_status
                0x000000000000099c       0x48 app/libapp.a(bootutil_misc.c.obj)
                0x000000000000099c                boot_find_status
 .text.bootutil_max_image_size
                0x00000000000009e4       0x2c app/libapp.a(bootutil_misc.c.obj)
                0x00000000000009e4                bootutil_max_image_size
 .text.boot_validate_slot.isra.0
                0x0000000000000a10      0x108 app/libapp.a(loader.c.obj)
 .text.boot_swap_image.isra.0
                0x0000000000000b18       0x88 app/libapp.a(loader.c.obj)
 .text.boot_copy_region
                0x0000000000000ba0       0xac app/libapp.a(loader.c.obj)
                0x0000000000000ba0                boot_copy_region
 .text.context_boot_go
                0x0000000000000c4c      0x2b0 app/libapp.a(loader.c.obj)
                0x0000000000000c4c                context_boot_go
 .text.boot_go  0x0000000000000efc       0x20 app/libapp.a(loader.c.obj)
                0x0000000000000efc                boot_go
 .text.swap_set_copy_done
                0x0000000000000f1c       0x2c app/libapp.a(swap_misc.c.obj)
                0x0000000000000f1c                swap_set_copy_done
 .text.swap_set_image_ok
                0x0000000000000f48       0x44 app/libapp.a(swap_misc.c.obj)
                0x0000000000000f48                swap_set_image_ok
 .text.boot_read_image_header
                0x0000000000000f8c       0xcc app/libapp.a(swap_move.c.obj)
                0x0000000000000f8c                boot_read_image_header
 .text.swap_read_status_bytes
                0x0000000000001058       0xc8 app/libapp.a(swap_move.c.obj)
                0x0000000000001058                swap_read_status_bytes
 .text.boot_slots_compatible
                0x0000000000001120       0x78 app/libapp.a(swap_move.c.obj)
                0x0000000000001120                boot_slots_compatible
 .text.fixup_revert
                0x0000000000001198       0x50 app/libapp.a(swap_move.c.obj)
                0x0000000000001198                fixup_revert
 .text.swap_run
                0x00000000000011e8      0x1e0 app/libapp.a(swap_move.c.obj)
                0x00000000000011e8                swap_run
 .text.cleanup_arm_nvic
                0x00000000000013c8       0x38 app/libapp.a(arm_cleanup.c.obj)
                0x00000000000013c8                cleanup_arm_nvic
 .text.nrf_cleanup_peripheral
                0x0000000000001400       0x9c app/libapp.a(nrf_cleanup.c.obj)
                0x0000000000001400                nrf_cleanup_peripheral
 .text.char_out
                0x000000000000149c        0xc zephyr/libzephyr.a(printk.c.obj)
 .text.__printk_hook_install
                0x00000000000014a8        0xc zephyr/libzephyr.a(printk.c.obj)
                0x00000000000014a8                __printk_hook_install
 .text.vprintk  0x00000000000014b4       0x1c zephyr/libzephyr.a(printk.c.obj)
                0x00000000000014b4                vprintk
 .text.z_cbvprintf_impl
                0x00000000000014d0      0x444 zephyr/libzephyr.a(cbprintf_nano.c.obj)
                0x00000000000014d0                z_cbvprintf_impl
 .text.process_event
                0x0000000000001914      0x21c zephyr/libzephyr.a(onoff.c.obj)
 .text.mem_attr_get_regions
                0x0000000000001b30        0xc zephyr/libzephyr.a(mem_attr.c.obj)
                0x0000000000001b30                mem_attr_get_regions
 .text.flash_area_open
                0x0000000000001b3c       0x50 zephyr/libzephyr.a(flash_map.c.obj)
                0x0000000000001b3c                flash_area_open
 .text.flash_area_get_sectors
                0x0000000000001b8c       0x60 zephyr/libzephyr.a(flash_map_layout.c.obj)
                0x0000000000001b8c                flash_area_get_sectors
 .text.boot_banner
                0x0000000000001bec       0x24 zephyr/libzephyr.a(banner.c.obj)
                0x0000000000001bec                boot_banner
 .text.nrf_cc3xx_platform_abort_init
                0x0000000000001c10        0xc zephyr/libzephyr.a(nrf_cc3xx_platform_abort_zephyr.c.obj)
                0x0000000000001c10                nrf_cc3xx_platform_abort_init
 .text.z_SysNmiOnReset
                0x0000000000001c1c        0x8 zephyr/arch/arch/arm/core/libarch__arm__core.a(nmi_on_reset.S.obj)
                0x0000000000001c1c                z_SysNmiOnReset
 .text.usage_fault.constprop.0
                0x0000000000001c24       0x5c zephyr/arch/arch/arm/core/cortex_m/libarch__arm__core__cortex_m.a(fault.c.obj)
 .text.bus_fault.constprop.0
                0x0000000000001c80       0x6c zephyr/arch/arch/arm/core/cortex_m/libarch__arm__core__cortex_m.a(fault.c.obj)
 .text.mem_manage_fault.constprop.0
                0x0000000000001cec       0x78 zephyr/arch/arch/arm/core/cortex_m/libarch__arm__core__cortex_m.a(fault.c.obj)
 .text.z_arm_fault
                0x0000000000001d64      0x118 zephyr/arch/arch/arm/core/cortex_m/libarch__arm__core__cortex_m.a(fault.c.obj)
                0x0000000000001d64                z_arm_fault
 .text.z_arm_fault_init
                0x0000000000001e7c       0x20 zephyr/arch/arch/arm/core/cortex_m/libarch__arm__core__cortex_m.a(fault.c.obj)
                0x0000000000001e7c                z_arm_fault_init
 .text.__fault  0x0000000000001e9c       0x14 zephyr/arch/arch/arm/core/cortex_m/libarch__arm__core__cortex_m.a(fault_s.S.obj)
                0x0000000000001e9c                z_arm_bus_fault
                0x0000000000001e9c                z_arm_usage_fault
                0x0000000000001e9c                z_arm_mpu_fault
                0x0000000000001e9c                z_arm_exc_spurious
                0x0000000000001e9c                z_arm_debug_monitor
                0x0000000000001e9c                z_arm_hard_fault
 .text._reset_section
                0x0000000000001eb0       0x60 zephyr/arch/arch/arm/core/cortex_m/libarch__arm__core__cortex_m.a(reset.S.obj)
                0x0000000000001eb0                z_arm_reset
                0x0000000000001eb0                __start
 .text.z_arm_clear_arm_mpu_config
                0x0000000000001f10       0x24 zephyr/arch/arch/arm/core/cortex_m/libarch__arm__core__cortex_m.a(scb.c.obj)
                0x0000000000001f10                z_arm_clear_arm_mpu_config
 .text.z_arm_init_arch_hw_at_boot
                0x0000000000001f34       0x4c zephyr/arch/arch/arm/core/cortex_m/libarch__arm__core__cortex_m.a(scb.c.obj)
                0x0000000000001f34                z_arm_init_arch_hw_at_boot
 .text.z_arm_svc
                0x0000000000001f80       0x20 zephyr/arch/arch/arm/core/cortex_m/libarch__arm__core__cortex_m.a(swap_helper.S.obj)
                0x0000000000001f80                z_arm_svc
 .text.arch_irq_enable
                0x0000000000001fa0       0x1c zephyr/arch/arch/arm/core/cortex_m/libarch__arm__core__cortex_m.a(irq_manage.c.obj)
                0x0000000000001fa0                arch_irq_enable
 .text.arch_irq_disable
                0x0000000000001fbc       0x28 zephyr/arch/arch/arm/core/cortex_m/libarch__arm__core__cortex_m.a(irq_manage.c.obj)
                0x0000000000001fbc                arch_irq_disable
 .text.arch_irq_is_enabled
                0x0000000000001fe4       0x1c zephyr/arch/arch/arm/core/cortex_m/libarch__arm__core__cortex_m.a(irq_manage.c.obj)
                0x0000000000001fe4                arch_irq_is_enabled
 .text.z_arm_irq_priority_set
                0x0000000000002000       0x2c zephyr/arch/arch/arm/core/cortex_m/libarch__arm__core__cortex_m.a(irq_manage.c.obj)
                0x0000000000002000                z_arm_irq_priority_set
 .text.z_prep_c
                0x000000000000202c       0x38 zephyr/arch/arch/arm/core/cortex_m/libarch__arm__core__cortex_m.a(prep_c.c.obj)
                0x000000000000202c                z_prep_c
 .text.z_arm_switch_to_main_no_multithreading
                0x0000000000002064       0x40 zephyr/arch/arch/arm/core/cortex_m/libarch__arm__core__cortex_m.a(thread.c.obj)
                0x0000000000002064                z_arm_switch_to_main_no_multithreading
 .text.z_arm_cpu_idle_init
                0x00000000000020a4        0xc zephyr/arch/arch/arm/core/cortex_m/libarch__arm__core__cortex_m.a(cpu_idle.c.obj)
                0x00000000000020a4                z_arm_cpu_idle_init
 .text.z_arm_interrupt_init
                0x00000000000020b0       0x18 zephyr/arch/arch/arm/core/cortex_m/libarch__arm__core__cortex_m.a(irq_init.c.obj)
                0x00000000000020b0                z_arm_interrupt_init
 .text._isr_wrapper
                0x00000000000020c8       0x24 zephyr/arch/arch/arm/core/cortex_m/libarch__arm__core__cortex_m.a(isr_wrapper.c.obj)
                0x00000000000020c8                _isr_wrapper
 .text.z_arm_configure_static_mpu_regions
                0x00000000000020ec       0x18 zephyr/arch/arch/arm/core/mpu/libarch__arm__core__mpu.a(arm_core_mpu.c.obj)
                0x00000000000020ec                z_arm_configure_static_mpu_regions
 .text.region_init
                0x0000000000002104       0x34 zephyr/arch/arch/arm/core/mpu/libarch__arm__core__mpu.a(arm_mpu.c.obj)
 .text.region_allocate_and_init
                0x0000000000002138       0x24 zephyr/arch/arch/arm/core/mpu/libarch__arm__core__mpu.a(arm_mpu.c.obj)
 .text.mpu_configure_regions_and_partition.constprop.0
                0x000000000000215c      0x148 zephyr/arch/arch/arm/core/mpu/libarch__arm__core__mpu.a(arm_mpu.c.obj)
 .text.arm_core_mpu_enable
                0x00000000000022a4       0x18 zephyr/arch/arch/arm/core/mpu/libarch__arm__core__mpu.a(arm_mpu.c.obj)
                0x00000000000022a4                arm_core_mpu_enable
 .text.arm_core_mpu_disable
                0x00000000000022bc       0x14 zephyr/arch/arch/arm/core/mpu/libarch__arm__core__mpu.a(arm_mpu.c.obj)
                0x00000000000022bc                arm_core_mpu_disable
 .text.arm_core_mpu_configure_static_mpu_regions
                0x00000000000022d0       0x14 zephyr/arch/arch/arm/core/mpu/libarch__arm__core__mpu.a(arm_mpu.c.obj)
                0x00000000000022d0                arm_core_mpu_configure_static_mpu_regions
 .text.z_arm_mpu_init
                0x00000000000022e4      0x11c zephyr/arch/arch/arm/core/mpu/libarch__arm__core__mpu.a(arm_mpu.c.obj)
                0x00000000000022e4                z_arm_mpu_init
 .text.__stdout_hook_install
                0x0000000000002400        0xc zephyr/lib/libc/minimal/liblib__libc__minimal.a(stdout_console.c.obj)
                0x0000000000002400                __stdout_hook_install
 .text.rtc_pretick_init
                0x000000000000240c       0x60 zephyr/soc/soc/nrf5340/libsoc__nordic.a(soc.c.obj)
 .text.nrf_gpio_pin_control_select.constprop.0
                0x000000000000246c       0x1c zephyr/soc/soc/nrf5340/libsoc__nordic.a(soc.c.obj)
 .text.nordicsemi_nrf53_init
                0x0000000000002488       0x28 zephyr/soc/soc/nrf5340/libsoc__nordic.a(soc.c.obj)
 .text.arch_busy_wait
                0x00000000000024b0       0x24 zephyr/soc/soc/nrf5340/libsoc__nordic.a(soc.c.obj)
                0x00000000000024b0                arch_busy_wait
 .text.nrf53_cpunet_mgmt_init
                0x00000000000024d4       0x10 zephyr/soc/soc/nrf5340/libsoc__nordic.a(nrf53_cpunet_mgmt.c.obj)
 .text.onoff_start
                0x00000000000024e4       0x6c zephyr/soc/soc/nrf5340/libsoc__nordic.a(nrf53_cpunet_mgmt.c.obj)
 .text.onoff_stop
                0x0000000000002550       0x30 zephyr/drivers/clock_control/libdrivers__clock_control.a(clock_control_nrf.c.obj)
 .text.onoff_start
                0x0000000000002580       0x44 zephyr/drivers/clock_control/libdrivers__clock_control.a(clock_control_nrf.c.obj)
 .text.generic_hfclk_stop
                0x00000000000025c4       0x34 zephyr/drivers/clock_control/libdrivers__clock_control.a(clock_control_nrf.c.obj)
 .text.clk_init
                0x00000000000025f8       0x70 zephyr/drivers/clock_control/libdrivers__clock_control.a(clock_control_nrf.c.obj)
 .text.clkstarted_handle.constprop.0
                0x0000000000002668       0x4c zephyr/drivers/clock_control/libdrivers__clock_control.a(clock_control_nrf.c.obj)
 .text.generic_hfclk_start
                0x00000000000026b4       0x78 zephyr/drivers/clock_control/libdrivers__clock_control.a(clock_control_nrf.c.obj)
 .text.clock_event_handler
                0x000000000000272c       0x30 zephyr/drivers/clock_control/libdrivers__clock_control.a(clock_control_nrf.c.obj)
 .text.z_nrf_clock_control_lf_on
                0x000000000000275c       0xf0 zephyr/drivers/clock_control/libdrivers__clock_control.a(clock_control_nrf.c.obj)
                0x000000000000275c                z_nrf_clock_control_lf_on
 .text.uart_console_init
                0x000000000000284c       0x28 zephyr/drivers/console/libdrivers__console.a(uart_console.c.obj)
 .text.console_out
                0x0000000000002874       0x28 zephyr/drivers/console/libdrivers__console.a(uart_console.c.obj)
 .text.flash_nrf_pages_layout
                0x000000000000289c       0x10 zephyr/drivers/flash/libdrivers__flash.a(soc_flash_nrf.c.obj)
 .text.flash_nrf_get_parameters
                0x00000000000028ac        0x8 zephyr/drivers/flash/libdrivers__flash.a(soc_flash_nrf.c.obj)
 .text.nrf_flash_init
                0x00000000000028b4       0x18 zephyr/drivers/flash/libdrivers__flash.a(soc_flash_nrf.c.obj)
 .text.flash_nrf_write
                0x00000000000028cc       0x4c zephyr/drivers/flash/libdrivers__flash.a(soc_flash_nrf.c.obj)
 .text.gpio_nrfx_pin_interrupt_configure
                0x0000000000002918      0x100 zephyr/drivers/gpio/libdrivers__gpio.a(gpio_nrfx.c.obj)
 .text.gpio_nrfx_init
                0x0000000000002a18       0x48 zephyr/drivers/gpio/libdrivers__gpio.a(gpio_nrfx.c.obj)
 .text.nrfx_gpio_handler
                0x0000000000002a60       0x4c zephyr/drivers/gpio/libdrivers__gpio.a(gpio_nrfx.c.obj)
 .text.gpio_nrfx_pin_configure
                0x0000000000002aac      0x188 zephyr/drivers/gpio/libdrivers__gpio.a(gpio_nrfx.c.obj)
 .text.nrf_gpio_pin_port_decode
                0x0000000000002c34       0x24 zephyr/drivers/pinctrl/libdrivers__pinctrl.a(pinctrl_nrf.c.obj)
 .text.pinctrl_configure_pins
                0x0000000000002c58      0x18c zephyr/drivers/pinctrl/libdrivers__pinctrl.a(pinctrl_nrf.c.obj)
                0x0000000000002c58                pinctrl_configure_pins
 .text.uarte_0_init
                0x0000000000002de4       0xd8 zephyr/drivers/serial/libdrivers__serial.a(uart_nrfx_uarte.c.obj)
 .text.uarte_nrfx_poll_out
                0x0000000000002ebc       0xbc zephyr/drivers/serial/libdrivers__serial.a(uart_nrfx_uarte.c.obj)
 .text.compare_int_lock
                0x0000000000002f78       0x40 zephyr/drivers/timer/libdrivers__timer.a(nrf_rtc_timer.c.obj)
 .text.sys_clock_timeout_handler
                0x0000000000002fb8       0x48 zephyr/drivers/timer/libdrivers__timer.a(nrf_rtc_timer.c.obj)
 .text.compare_int_unlock
                0x0000000000003000       0x4c zephyr/drivers/timer/libdrivers__timer.a(nrf_rtc_timer.c.obj)
 .text.z_nrf_rtc_timer_read
                0x000000000000304c       0x44 zephyr/drivers/timer/libdrivers__timer.a(nrf_rtc_timer.c.obj)
                0x000000000000304c                z_nrf_rtc_timer_read
 .text.compare_set
                0x0000000000003090      0x124 zephyr/drivers/timer/libdrivers__timer.a(nrf_rtc_timer.c.obj)
 .text.sys_clock_driver_init
                0x00000000000031b4       0x90 zephyr/drivers/timer/libdrivers__timer.a(nrf_rtc_timer.c.obj)
 .text.rtc_nrf_isr
                0x0000000000003244       0xd0 zephyr/drivers/timer/libdrivers__timer.a(nrf_rtc_timer.c.obj)
                0x0000000000003244                rtc_nrf_isr
 .text.sys_clock_set_timeout
                0x0000000000003314       0x5c zephyr/drivers/timer/libdrivers__timer.a(nrf_rtc_timer.c.obj)
                0x0000000000003314                sys_clock_set_timeout
 .text.sys_clock_elapsed
                0x0000000000003370       0x14 zephyr/drivers/timer/libdrivers__timer.a(nrf_rtc_timer.c.obj)
                0x0000000000003370                sys_clock_elapsed
 .text.sys_clock_disable
                0x0000000000003384       0x30 zephyr/drivers/timer/libdrivers__timer.a(nrf_rtc_timer.c.obj)
                0x0000000000003384                sys_clock_disable
 .text.fprotect_area
                0x00000000000033b4       0x3c modules/nrf/lib/fprotect/lib..__nrf__lib__fprotect.a(fprotect_spu.c.obj)
                0x00000000000033b4                fprotect_area
 .text.boot_write_magic
                0x00000000000033f0       0x40 modules/mcuboot/boot/bootutil/zephyr/libmcuboot_util.a(bootutil_public.c.obj)
                0x00000000000033f0                boot_write_magic
 .text.boot_read_swap_state
                0x0000000000003430       0xac modules/mcuboot/boot/bootutil/zephyr/libmcuboot_util.a(bootutil_public.c.obj)
                0x0000000000003430                boot_read_swap_state
 .text.boot_swap_type_multi
                0x00000000000034dc       0xa4 modules/mcuboot/boot/bootutil/zephyr/libmcuboot_util.a(bootutil_public.c.obj)
                0x00000000000034dc                boot_swap_type_multi
 .text.mbedtls_ct_bool
                0x0000000000003580       0x18 modules/mbedtls/libmbedTLSBase.a(bignum_core.c.obj)
 .text.mbedtls_mpi_core_cond_assign
                0x0000000000003598       0x30 modules/mbedtls/libmbedTLSBase.a(bignum_core.c.obj)
                0x0000000000003598                mbedtls_mpi_core_cond_assign
 .text.mbedtls_mpi_core_exp_mod_optionally_safe
                0x00000000000035c8      0x1a0 modules/mbedtls/libmbedTLSBase.a(bignum_core.c.obj)
 .text.mbedtls_ct_mpi_sign_if
                0x0000000000003768       0x1c modules/mbedtls/libmbedTLSBase.a(bignum.c.obj)
 .text.mbedtls_mpi_div_mpi
                0x0000000000003784      0x334 modules/mbedtls/libmbedTLSBase.a(bignum.c.obj)
                0x0000000000003784                mbedtls_mpi_div_mpi
 .text.mbedtls_ct_memcpy_if
                0x0000000000003ab8       0x88 modules/mbedtls/libmbedTLSBase.a(constant_time.c.obj)
                0x0000000000003ab8                mbedtls_ct_memcpy_if
 .text.mbedtls_md_info_from_type
                0x0000000000003b40       0x1c modules/mbedtls/libmbedTLSBase.a(md.c.obj)
                0x0000000000003b40                mbedtls_md_info_from_type
 .text.verify_header
                0x0000000000003b5c       0x40 modules/mbedtls/libmbedTLSBase.a(memory_buffer_alloc.c.obj)
 .text.verify_chain
                0x0000000000003b9c       0x3c modules/mbedtls/libmbedTLSBase.a(memory_buffer_alloc.c.obj)
 .text.buffer_alloc_calloc
                0x0000000000003bd8      0x114 modules/mbedtls/libmbedTLSBase.a(memory_buffer_alloc.c.obj)
 .text.buffer_alloc_free
                0x0000000000003cec      0x124 modules/mbedtls/libmbedTLSBase.a(memory_buffer_alloc.c.obj)
 .text.mbedtls_memory_buffer_alloc_init
                0x0000000000003e10       0x68 modules/mbedtls/libmbedTLSBase.a(memory_buffer_alloc.c.obj)
                0x0000000000003e10                mbedtls_memory_buffer_alloc_init
 .text.mbedtls_platform_zeroize
                0x0000000000003e78       0x18 modules/mbedtls/libmbedTLSBase.a(platform_util.c.obj)
                0x0000000000003e78                mbedtls_platform_zeroize
 .text.mbedtls_calloc
                0x0000000000003e90        0xc modules/mbedtls/libmbedTLSBase.a(platform.c.obj)
                0x0000000000003e90                mbedtls_calloc
 .text.mbedtls_free
                0x0000000000003e9c        0xc modules/mbedtls/libmbedTLSBase.a(platform.c.obj)
                0x0000000000003e9c                mbedtls_free
 .text.mbedtls_platform_set_calloc_free
                0x0000000000003ea8       0x14 modules/mbedtls/libmbedTLSBase.a(platform.c.obj)
                0x0000000000003ea8                mbedtls_platform_set_calloc_free
 .text.rsa_check_context.constprop.0
                0x0000000000003ebc       0xb8 modules/mbedtls/libmbedTLSBase.a(rsa.c.obj)
 .text.mbedtls_rsa_set_padding
                0x0000000000003f74       0x2c modules/mbedtls/libmbedTLSBase.a(rsa.c.obj)
                0x0000000000003f74                mbedtls_rsa_set_padding
 .text.mbedtls_rsa_check_pubkey
                0x0000000000003fa0       0x4c modules/mbedtls/libmbedTLSBase.a(rsa.c.obj)
                0x0000000000003fa0                mbedtls_rsa_check_pubkey
 .text.mbedtls_rsa_public
                0x0000000000003fec       0x90 modules/mbedtls/libmbedTLSBase.a(rsa.c.obj)
                0x0000000000003fec                mbedtls_rsa_public
 .text.mbedtls_sha256_starts
                0x000000000000407c       0xcc modules/mbedtls/libmbedTLSBase.a(sha256.c.obj)
                0x000000000000407c                mbedtls_sha256_starts
 .text.mbedtls_internal_sha256_process
                0x0000000000004148      0x130 modules/mbedtls/libmbedTLSBase.a(sha256.c.obj)
                0x0000000000004148                mbedtls_internal_sha256_process
 .text.nrf53_errata_42
                0x0000000000004278       0x24 modules/hal_nordic/nrfx/libmodules__hal_nordic__nrfx.a(system_nrf5340_application.c.obj)
 .text.SystemInit
                0x000000000000429c      0x218 modules/hal_nordic/nrfx/libmodules__hal_nordic__nrfx.a(system_nrf5340_application.c.obj)
                0x000000000000429c                SystemInit
 .text.nrfx_flag32_alloc
                0x00000000000044b4       0x40 modules/hal_nordic/nrfx/libmodules__hal_nordic__nrfx.a(nrfx_flag32_allocator.c.obj)
                0x00000000000044b4                nrfx_flag32_alloc
 .text.nrfx_flag32_free
                0x00000000000044f4       0x38 modules/hal_nordic/nrfx/libmodules__hal_nordic__nrfx.a(nrfx_flag32_allocator.c.obj)
                0x00000000000044f4                nrfx_flag32_free
 .text.nrfx_gppi_channels_enable
                0x000000000000452c        0xc modules/hal_nordic/nrfx/libmodules__hal_nordic__nrfx.a(nrfx_gppi_dppi.c.obj)
                0x000000000000452c                nrfx_gppi_channels_enable
 .text.nrfx_gppi_channel_alloc
                0x0000000000004538        0xc modules/hal_nordic/nrfx/libmodules__hal_nordic__nrfx.a(nrfx_gppi_dppi.c.obj)
                0x0000000000004538                nrfx_gppi_channel_alloc
 .text.nrfx_clock_init
                0x0000000000004544       0x20 modules/hal_nordic/nrfx/libmodules__hal_nordic__nrfx.a(nrfx_clock.c.obj)
                0x0000000000004544                nrfx_clock_init
 .text.nrfx_clock_enable
                0x0000000000004564       0x30 modules/hal_nordic/nrfx/libmodules__hal_nordic__nrfx.a(nrfx_clock.c.obj)
                0x0000000000004564                nrfx_clock_enable
 .text.nrfx_clock_start
                0x0000000000004594       0xd0 modules/hal_nordic/nrfx/libmodules__hal_nordic__nrfx.a(nrfx_clock.c.obj)
                0x0000000000004594                nrfx_clock_start
 .text.nrfx_power_clock_irq_handler
                0x0000000000004664       0xb0 modules/hal_nordic/nrfx/libmodules__hal_nordic__nrfx.a(nrfx_clock.c.obj)
                0x0000000000004664                nrfx_power_clock_irq_handler
 .text.nrfx_dppi_channel_alloc
                0x0000000000004714       0x10 modules/hal_nordic/nrfx/libmodules__hal_nordic__nrfx.a(nrfx_dppi.c.obj)
                0x0000000000004714                nrfx_dppi_channel_alloc
 .text.nrf_gpio_pin_port_decode
                0x0000000000004724       0x24 modules/hal_nordic/nrfx/libmodules__hal_nordic__nrfx.a(nrfx_gpiote.c.obj)
 .text.get_pin_idx
                0x0000000000004748       0x14 modules/hal_nordic/nrfx/libmodules__hal_nordic__nrfx.a(nrfx_gpiote.c.obj)
 .text.call_handler.constprop.0
                0x000000000000475c       0x40 modules/hal_nordic/nrfx/libmodules__hal_nordic__nrfx.a(nrfx_gpiote.c.obj)
 .text.pin_te_get.constprop.0
                0x000000000000479c       0x18 modules/hal_nordic/nrfx/libmodules__hal_nordic__nrfx.a(nrfx_gpiote.c.obj)
 .text.pin_is_output.constprop.0
                0x00000000000047b4       0x18 modules/hal_nordic/nrfx/libmodules__hal_nordic__nrfx.a(nrfx_gpiote.c.obj)
 .text.pin_in_use_by_te.constprop.0
                0x00000000000047cc       0x18 modules/hal_nordic/nrfx/libmodules__hal_nordic__nrfx.a(nrfx_gpiote.c.obj)
 .text.latch_pending_read_and_check
                0x00000000000047e4       0x3c modules/hal_nordic/nrfx/libmodules__hal_nordic__nrfx.a(nrfx_gpiote.c.obj)
 .text.release_handler.isra.0
                0x0000000000004820       0x58 modules/hal_nordic/nrfx/libmodules__hal_nordic__nrfx.a(nrfx_gpiote.c.obj)
 .text.__nrfy_internal_gpiote_events_process.constprop.0
                0x0000000000004878       0x5c modules/hal_nordic/nrfx/libmodules__hal_nordic__nrfx.a(nrfx_gpiote.c.obj)
 .text.pin_uninit
                0x00000000000048d4       0x84 modules/hal_nordic/nrfx/libmodules__hal_nordic__nrfx.a(nrfx_gpiote.c.obj)
 .text.nrfx_gpiote_input_configure
                0x0000000000004958      0x178 modules/hal_nordic/nrfx/libmodules__hal_nordic__nrfx.a(nrfx_gpiote.c.obj)
                0x0000000000004958                nrfx_gpiote_input_configure
 .text.nrfx_gpiote_output_configure
                0x0000000000004ad0      0x104 modules/hal_nordic/nrfx/libmodules__hal_nordic__nrfx.a(nrfx_gpiote.c.obj)
                0x0000000000004ad0                nrfx_gpiote_output_configure
 .text.nrfx_gpiote_global_callback_set
                0x0000000000004bd4        0xc modules/hal_nordic/nrfx/libmodules__hal_nordic__nrfx.a(nrfx_gpiote.c.obj)
                0x0000000000004bd4                nrfx_gpiote_global_callback_set
 .text.nrfx_gpiote_channel_get
                0x0000000000004be0       0x34 modules/hal_nordic/nrfx/libmodules__hal_nordic__nrfx.a(nrfx_gpiote.c.obj)
                0x0000000000004be0                nrfx_gpiote_channel_get
 .text.nrfx_gpiote_init
                0x0000000000004c14       0x64 modules/hal_nordic/nrfx/libmodules__hal_nordic__nrfx.a(nrfx_gpiote.c.obj)
                0x0000000000004c14                nrfx_gpiote_init
 .text.nrfx_gpiote_init_check
                0x0000000000004c78       0x14 modules/hal_nordic/nrfx/libmodules__hal_nordic__nrfx.a(nrfx_gpiote.c.obj)
                0x0000000000004c78                nrfx_gpiote_init_check
 .text.nrfx_gpiote_channel_free
                0x0000000000004c8c        0xc modules/hal_nordic/nrfx/libmodules__hal_nordic__nrfx.a(nrfx_gpiote.c.obj)
                0x0000000000004c8c                nrfx_gpiote_channel_free
 .text.nrfx_gpiote_channel_alloc
                0x0000000000004c98        0xc modules/hal_nordic/nrfx/libmodules__hal_nordic__nrfx.a(nrfx_gpiote.c.obj)
                0x0000000000004c98                nrfx_gpiote_channel_alloc
 .text.nrfx_gpiote_trigger_enable
                0x0000000000004ca4       0xac modules/hal_nordic/nrfx/libmodules__hal_nordic__nrfx.a(nrfx_gpiote.c.obj)
                0x0000000000004ca4                nrfx_gpiote_trigger_enable
 .text.nrfx_gpiote_0_irq_handler
                0x0000000000004d50      0x1b8 modules/hal_nordic/nrfx/libmodules__hal_nordic__nrfx.a(nrfx_gpiote.c.obj)
                0x0000000000004d50                nrfx_gpiote_0_irq_handler
 .text.nvmc_readonly_mode_set
                0x0000000000004f08       0x14 modules/hal_nordic/nrfx/libmodules__hal_nordic__nrfx.a(nrfx_nvmc.c.obj)
 .text.nvmc_word_write
                0x0000000000004f1c       0x18 modules/hal_nordic/nrfx/libmodules__hal_nordic__nrfx.a(nrfx_nvmc.c.obj)
 .text.nrfx_nvmc_page_erase
                0x0000000000004f34       0x3c modules/hal_nordic/nrfx/libmodules__hal_nordic__nrfx.a(nrfx_nvmc.c.obj)
                0x0000000000004f34                nrfx_nvmc_page_erase
 .text.nrfx_nvmc_word_write
                0x0000000000004f70       0x20 modules/hal_nordic/nrfx/libmodules__hal_nordic__nrfx.a(nrfx_nvmc.c.obj)
                0x0000000000004f70                nrfx_nvmc_word_write
 .text.z_sys_init_run_level
                0x0000000000004f90       0x2c zephyr/kernel/libkernel.a(init.c.obj)
 .text.bg_thread_main
                0x0000000000004fbc       0x34 zephyr/kernel/libkernel.a(init.c.obj)
 .text.z_bss_zero
                0x0000000000004ff0       0x18 zephyr/kernel/libkernel.a(init.c.obj)
                0x0000000000004ff0                z_bss_zero
 .text.z_cstart
                0x0000000000005008       0x78 zephyr/kernel/libkernel.a(init.c.obj)
                0x0000000000005008                z_cstart
 .text.z_data_copy
                0x0000000000005080       0x34 zephyr/kernel/libkernel.a(xip.c.obj)
                0x0000000000005080                z_data_copy
 .text.elapsed  0x00000000000050b4       0x14 zephyr/kernel/libkernel.a(timeout.c.obj)
 .text.remove_timeout
                0x00000000000050c8       0x38 zephyr/kernel/libkernel.a(timeout.c.obj)
 .text.next_timeout
                0x0000000000005100       0x40 zephyr/kernel/libkernel.a(timeout.c.obj)
 .text.sys_clock_announce
                0x0000000000005140       0xcc zephyr/kernel/libkernel.a(timeout.c.obj)
                0x0000000000005140                sys_clock_announce
 .text.nrf_cc3xx_platform_init_no_rng
                0x000000000000520c       0x38 /opt/nordic/ncs/v2.9.0/nrfxlib/crypto/nrf_cc312_platform/lib/cortex-m33/soft-float/no-interrupts/libnrf_cc312_platform_0.9.19.a(nrf_cc3xx_platform.c.obj)
                0x000000000000520c                nrf_cc3xx_platform_init_no_rng
 .text.nrf_cc3xx_platform_abort
                0x0000000000005244       0x24 /opt/nordic/ncs/v2.9.0/nrfxlib/crypto/nrf_cc312_platform/lib/cortex-m33/soft-float/no-interrupts/libnrf_cc312_platform_0.9.19.a(nrf_cc3xx_platform_abort.c.obj)
 .text.CC_PalAbort
                0x0000000000005268       0x44 /opt/nordic/ncs/v2.9.0/nrfxlib/crypto/nrf_cc312_platform/lib/cortex-m33/soft-float/no-interrupts/libnrf_cc312_platform_0.9.19.a(nrf_cc3xx_platform_abort.c.obj)
                0x0000000000005268                CC_PalAbort
 .text.nrf_cc3xx_platform_set_abort
                0x00000000000052ac       0x10 /opt/nordic/ncs/v2.9.0/nrfxlib/crypto/nrf_cc312_platform/lib/cortex-m33/soft-float/no-interrupts/libnrf_cc312_platform_0.9.19.a(nrf_cc3xx_platform_abort.c.obj)
                0x00000000000052ac                nrf_cc3xx_platform_set_abort
 .text.CC_LibInitNoRng
                0x00000000000052bc       0x28 /opt/nordic/ncs/v2.9.0/nrfxlib/crypto/nrf_cc312_platform/lib/cortex-m33/soft-float/no-interrupts/libnrf_cc312_platform_0.9.19.a(cc_lib.c.obj)
                0x00000000000052bc                CC_LibInitNoRng
 .text.CC_HalInit
                0x00000000000052e4        0x4 /opt/nordic/ncs/v2.9.0/nrfxlib/crypto/nrf_cc312_platform/lib/cortex-m33/soft-float/no-interrupts/libnrf_cc312_platform_0.9.19.a(cc_hal.c.obj)
                0x00000000000052e4                CC_HalInit
 .text.CC_PalInit
                0x00000000000052e8       0x5c /opt/nordic/ncs/v2.9.0/nrfxlib/crypto/nrf_cc312_platform/lib/cortex-m33/soft-float/no-interrupts/libnrf_cc312_platform_0.9.19.a(cc_pal.c.obj)
                0x00000000000052e8                CC_PalInit
 .text.CC_PalTerminate
                0x0000000000005344       0x34 /opt/nordic/ncs/v2.9.0/nrfxlib/crypto/nrf_cc312_platform/lib/cortex-m33/soft-float/no-interrupts/libnrf_cc312_platform_0.9.19.a(cc_pal.c.obj)
                0x0000000000005344                CC_PalTerminate
 .text.CC_PalDmaInit
                0x0000000000005378        0x4 /opt/nordic/ncs/v2.9.0/nrfxlib/crypto/nrf_cc312_platform/lib/cortex-m33/soft-float/no-interrupts/libnrf_cc312_platform_0.9.19.a(cc_pal_dma.c.obj)
                0x0000000000005378                CC_PalDmaInit
 .text.CC_PalDmaTerminate
                0x000000000000537c        0x4 /opt/nordic/ncs/v2.9.0/nrfxlib/crypto/nrf_cc312_platform/lib/cortex-m33/soft-float/no-interrupts/libnrf_cc312_platform_0.9.19.a(cc_pal_dma.c.obj)
                0x000000000000537c                CC_PalDmaTerminate
 .text.CC_PalMutexCreate
                0x0000000000005380       0x14 /opt/nordic/ncs/v2.9.0/nrfxlib/crypto/nrf_cc312_platform/lib/cortex-m33/soft-float/no-interrupts/libnrf_cc312_platform_0.9.19.a(cc_pal_mutex.c.obj)
                0x0000000000005380                CC_PalMutexCreate
 .text.CC_PalMutexDestroy
                0x0000000000005394       0x14 /opt/nordic/ncs/v2.9.0/nrfxlib/crypto/nrf_cc312_platform/lib/cortex-m33/soft-float/no-interrupts/libnrf_cc312_platform_0.9.19.a(cc_pal_mutex.c.obj)
                0x0000000000005394                CC_PalMutexDestroy
 .text.CC_PalPowerSaveModeInit
                0x00000000000053a8       0x3c /opt/nordic/ncs/v2.9.0/nrfxlib/crypto/nrf_cc312_platform/lib/cortex-m33/soft-float/no-interrupts/libnrf_cc312_platform_0.9.19.a(cc_pal_pm.c.obj)
                0x00000000000053a8                CC_PalPowerSaveModeInit
 .text.mutex_free
                0x00000000000053e4       0x34 /opt/nordic/ncs/v2.9.0/nrfxlib/crypto/nrf_cc312_platform/lib/cortex-m33/soft-float/no-interrupts/libnrf_cc312_platform_0.9.19.a(nrf_cc3xx_platform_mutex.c.obj)
 .text.mutex_lock
                0x0000000000005418       0x48 /opt/nordic/ncs/v2.9.0/nrfxlib/crypto/nrf_cc312_platform/lib/cortex-m33/soft-float/no-interrupts/libnrf_cc312_platform_0.9.19.a(nrf_cc3xx_platform_mutex.c.obj)
 .text.mutex_unlock
                0x0000000000005460       0x38 /opt/nordic/ncs/v2.9.0/nrfxlib/crypto/nrf_cc312_platform/lib/cortex-m33/soft-float/no-interrupts/libnrf_cc312_platform_0.9.19.a(nrf_cc3xx_platform_mutex.c.obj)
 .text.mutex_init
                0x0000000000005498       0x20 /opt/nordic/ncs/v2.9.0/nrfxlib/crypto/nrf_cc312_platform/lib/cortex-m33/soft-float/no-interrupts/libnrf_cc312_platform_0.9.19.a(nrf_cc3xx_platform_mutex.c.obj)
 .text._OffsetAbsSyms
                0x00000000000054b8        0x2 zephyr/CMakeFiles/offsets.dir/./arch/arm/core/offsets/offsets.c.obj
                0x00000000000054b8                _OffsetAbsSyms
 .text.flash_area_get_device_id
                0x00000000000054ba        0x4 app/libapp.a(flash_map_extended.c.obj)
                0x00000000000054ba                flash_area_get_device_id
 .text.flash_area_get_sector
                0x00000000000054be       0x32 app/libapp.a(flash_map_extended.c.obj)
                0x00000000000054be                flash_area_get_sector
 .text.bootutil_tlv_iter_begin
                0x00000000000054f0       0x9c app/libapp.a(tlv.c.obj)
                0x00000000000054f0                bootutil_tlv_iter_begin
 .text.bootutil_tlv_iter_next
                0x000000000000558c       0x98 app/libapp.a(tlv.c.obj)
                0x000000000000558c                bootutil_tlv_iter_next
 .text.bootutil_tlv_iter_is_prot
                0x0000000000005624       0x1c app/libapp.a(tlv.c.obj)
                0x0000000000005624                bootutil_tlv_iter_is_prot
 .text.boot_fih_memequal
                0x0000000000005640        0x4 app/libapp.a(bootutil_misc.c.obj)
                0x0000000000005640                boot_fih_memequal
 .text.boot_trailer_sz
                0x0000000000005644        0xa app/libapp.a(bootutil_misc.c.obj)
                0x0000000000005644                boot_trailer_sz
 .text.boot_status_off
                0x000000000000564e       0x16 app/libapp.a(bootutil_misc.c.obj)
                0x000000000000564e                boot_status_off
 .text.boot_read_swap_size
                0x0000000000005664       0x1c app/libapp.a(bootutil_misc.c.obj)
                0x0000000000005664                boot_read_swap_size
 .text.boot_write_swap_size
                0x0000000000005680       0x1e app/libapp.a(bootutil_misc.c.obj)
                0x0000000000005680                boot_write_swap_size
 .text.boot_read_image_headers
                0x000000000000569e       0x2c app/libapp.a(loader.c.obj)
 .text.boot_read_image_size.constprop.0.isra.0
                0x00000000000056ca       0x82 app/libapp.a(loader.c.obj)
 .text.boot_read_sectors
                0x000000000000574c       0x42 app/libapp.a(loader.c.obj)
 .text.boot_status_reset
                0x000000000000578e       0x12 app/libapp.a(loader.c.obj)
                0x000000000000578e                boot_status_reset
 .text.boot_status_is_reset
                0x00000000000057a0       0x1a app/libapp.a(loader.c.obj)
                0x00000000000057a0                boot_status_is_reset
 .text.boot_write_status
                0x00000000000057ba       0x64 app/libapp.a(loader.c.obj)
                0x00000000000057ba                boot_write_status
 .text.boot_erase_region
                0x000000000000581e        0x4 app/libapp.a(loader.c.obj)
                0x000000000000581e                boot_erase_region
 .text.swap_erase_trailer_sectors
                0x0000000000005822       0x6c app/libapp.a(swap_misc.c.obj)
                0x0000000000005822                swap_erase_trailer_sectors
 .text.swap_status_init
                0x000000000000588e       0x3e app/libapp.a(swap_misc.c.obj)
                0x000000000000588e                swap_status_init
 .text.swap_read_status
                0x00000000000058cc       0x78 app/libapp.a(swap_misc.c.obj)
                0x00000000000058cc                swap_read_status
 .text.app_max_sectors
                0x0000000000005944       0x22 app/libapp.a(swap_move.c.obj)
 .text.find_last_idx
                0x0000000000005966       0x14 app/libapp.a(swap_move.c.obj)
                0x0000000000005966                find_last_idx
 .text.boot_status_internal_off
                0x000000000000597a       0x26 app/libapp.a(swap_move.c.obj)
                0x000000000000597a                boot_status_internal_off
 .text.swap_status_source
                0x00000000000059a0       0x38 app/libapp.a(swap_move.c.obj)
                0x00000000000059a0                swap_status_source
 .text.arch_printk_char_out
                0x00000000000059d8        0x4 zephyr/libzephyr.a(printk.c.obj)
                0x00000000000059d8                arch_printk_char_out
 .text.printk   0x00000000000059dc       0x1a zephyr/libzephyr.a(printk.c.obj)
                0x00000000000059dc                printk
 .text.process_recheck
                0x00000000000059f6       0x38 zephyr/libzephyr.a(onoff.c.obj)
 .text.validate_args
                0x0000000000005a2e       0x20 zephyr/libzephyr.a(onoff.c.obj)
 .text.notify_one
                0x0000000000005a4e       0x2c zephyr/libzephyr.a(onoff.c.obj)
 .text.transition_complete
                0x0000000000005a7a       0x1a zephyr/libzephyr.a(onoff.c.obj)
 .text.onoff_manager_init
                0x0000000000005a94       0x26 zephyr/libzephyr.a(onoff.c.obj)
                0x0000000000005a94                onoff_manager_init
 .text.onoff_request
                0x0000000000005aba       0xae zephyr/libzephyr.a(onoff.c.obj)
                0x0000000000005aba                onoff_request
 .text.sys_notify_validate
                0x0000000000005b68       0x22 zephyr/libzephyr.a(notify.c.obj)
                0x0000000000005b68                sys_notify_validate
 .text.sys_notify_finalize
                0x0000000000005b8a       0x1a zephyr/libzephyr.a(notify.c.obj)
                0x0000000000005b8a                sys_notify_finalize
 .text._ConfigAbsSyms
                0x0000000000005ba4        0x2 zephyr/libzephyr.a(configs.c.obj)
                0x0000000000005ba4                _ConfigAbsSyms
 .text.z_log_minimal_printk
                0x0000000000005ba6       0x1a zephyr/libzephyr.a(log_minimal.c.obj)
                0x0000000000005ba6                z_log_minimal_printk
 .text.pm_device_state_get
                0x0000000000005bc0       0x12 zephyr/libzephyr.a(device.c.obj)
                0x0000000000005bc0                pm_device_state_get
 .text.pm_device_is_powered
                0x0000000000005bd2       0x18 zephyr/libzephyr.a(device.c.obj)
                0x0000000000005bd2                pm_device_is_powered
 .text.pm_device_driver_init
                0x0000000000005bea       0x30 zephyr/libzephyr.a(device.c.obj)
                0x0000000000005bea                pm_device_driver_init
 .text.flash_area_close
                0x0000000000005c1a        0x2 zephyr/libzephyr.a(flash_map.c.obj)
                0x0000000000005c1a                flash_area_close
 .text.flash_area_read
                0x0000000000005c1c       0x2a zephyr/libzephyr.a(flash_map.c.obj)
                0x0000000000005c1c                flash_area_read
 .text.flash_area_write
                0x0000000000005c46       0x2a zephyr/libzephyr.a(flash_map.c.obj)
                0x0000000000005c46                flash_area_write
 .text.flash_area_erase
                0x0000000000005c70       0x30 zephyr/libzephyr.a(flash_map.c.obj)
                0x0000000000005c70                flash_area_erase
 .text.flash_area_align
                0x0000000000005ca0        0xe zephyr/libzephyr.a(flash_map.c.obj)
                0x0000000000005ca0                flash_area_align
 .text.flash_area_erased_val
                0x0000000000005cae        0xe zephyr/libzephyr.a(flash_map.c.obj)
                0x0000000000005cae                flash_area_erased_val
 .text.get_sectors_cb
                0x0000000000005cbc       0x44 zephyr/libzephyr.a(flash_map_layout.c.obj)
 .text.abort_function
                0x0000000000005d00        0x2 zephyr/libzephyr.a(nrf_cc3xx_platform_abort_zephyr.c.obj)
 .text.nrf_cc3xx_platform_mutex_init
                0x0000000000005d02        0x2 zephyr/libzephyr.a(nrf_cc3xx_platform_no_mutex_zephyr.c.obj)
                0x0000000000005d02                nrf_cc3xx_platform_mutex_init
 .text.z_arm_fatal_error
                0x0000000000005d04        0xc zephyr/arch/arch/arm/core/libarch__arm__core.a(fatal.c.obj)
                0x0000000000005d04                z_arm_fatal_error
 .text.z_do_kernel_oops
                0x0000000000005d10        0x8 zephyr/arch/arch/arm/core/libarch__arm__core.a(fatal.c.obj)
                0x0000000000005d10                z_do_kernel_oops
 .text.z_arm_nmi
                0x0000000000005d18        0xe zephyr/arch/arch/arm/core/libarch__arm__core.a(nmi.c.obj)
                0x0000000000005d18                z_arm_nmi
 .text._HandlerModeExit
                0x0000000000005d26        0x2 zephyr/arch/arch/arm/core/cortex_m/libarch__arm__core__cortex_m.a(exc_exit.c.obj)
                0x0000000000005d26                z_arm_exc_exit
                0x0000000000005d26                z_arm_int_exit
 .text.z_irq_spurious
                0x0000000000005d28        0x8 zephyr/arch/arch/arm/core/cortex_m/libarch__arm__core__cortex_m.a(irq_manage.c.obj)
                0x0000000000005d28                z_irq_spurious
 .text.arch_irq_unlock_outlined
                0x0000000000005d30        0xe zephyr/arch/arch/arm/core/cortex_m/libarch__arm__core__cortex_m.a(thread.c.obj)
                0x0000000000005d30                arch_irq_unlock_outlined
 .text.arch_irq_lock_outlined
                0x0000000000005d3e       0x10 zephyr/arch/arch/arm/core/cortex_m/libarch__arm__core__cortex_m.a(thread.c.obj)
                0x0000000000005d3e                arch_irq_lock_outlined
 .text.arch_cpu_atomic_idle
                0x0000000000005d4e       0x2e zephyr/arch/arch/arm/core/cortex_m/libarch__arm__core__cortex_m.a(cpu_idle.c.obj)
                0x0000000000005d4e                arch_cpu_atomic_idle
 .text.arm_cmse_mpu_region_get
                0x0000000000005d7c       0x12 zephyr/arch/arch/arm/core/cortex_m/cmse/libarch__arm__core__cortex_m__cmse.a(arm_core_cmse.c.obj)
                0x0000000000005d7c                arm_cmse_mpu_region_get
 .text.mpu_configure_region
                0x0000000000005d8e       0x32 zephyr/arch/arch/arm/core/mpu/libarch__arm__core__mpu.a(arm_mpu.c.obj)
 .text.strlen   0x0000000000005dc0        0xe zephyr/lib/libc/minimal/liblib__libc__minimal.a(string.c.obj)
                0x0000000000005dc0                strlen
 .text.memcmp   0x0000000000005dce       0x20 zephyr/lib/libc/minimal/liblib__libc__minimal.a(string.c.obj)
                0x0000000000005dce                memcmp
 .text.memcpy   0x0000000000005dee       0x16 zephyr/lib/libc/minimal/liblib__libc__minimal.a(string.c.obj)
                0x0000000000005dee                memcpy
 .text.memset   0x0000000000005e04       0x12 zephyr/lib/libc/minimal/liblib__libc__minimal.a(string.c.obj)
                0x0000000000005e04                memset
 .text._stdout_hook_default
                0x0000000000005e16        0x6 zephyr/lib/libc/minimal/liblib__libc__minimal.a(stdout_console.c.obj)
 .text.onoff_stop
                0x0000000000005e1c       0x10 zephyr/soc/soc/nrf5340/libsoc__nordic.a(nrf53_cpunet_mgmt.c.obj)
 .text.get_status
                0x0000000000005e2c       0x12 zephyr/drivers/clock_control/libdrivers__clock_control.a(clock_control_nrf.c.obj)
 .text.stop     0x0000000000005e3e       0x50 zephyr/drivers/clock_control/libdrivers__clock_control.a(clock_control_nrf.c.obj)
 .text.api_stop
                0x0000000000005e8e        0x6 zephyr/drivers/clock_control/libdrivers__clock_control.a(clock_control_nrf.c.obj)
 .text.async_start
                0x0000000000005e94       0x5a zephyr/drivers/clock_control/libdrivers__clock_control.a(clock_control_nrf.c.obj)
 .text.api_start
                0x0000000000005eee        0xe zephyr/drivers/clock_control/libdrivers__clock_control.a(clock_control_nrf.c.obj)
 .text.api_blocking_start
                0x0000000000005efc        0x6 zephyr/drivers/clock_control/libdrivers__clock_control.a(clock_control_nrf.c.obj)
 .text.onoff_started_callback
                0x0000000000005f02       0x12 zephyr/drivers/clock_control/libdrivers__clock_control.a(clock_control_nrf.c.obj)
 .text.hfclkaudio_start
                0x0000000000005f14        0x6 zephyr/drivers/clock_control/libdrivers__clock_control.a(clock_control_nrf.c.obj)
 .text.hfclk192m_start
                0x0000000000005f1a        0x6 zephyr/drivers/clock_control/libdrivers__clock_control.a(clock_control_nrf.c.obj)
 .text.lfclk_start
                0x0000000000005f20        0x6 zephyr/drivers/clock_control/libdrivers__clock_control.a(clock_control_nrf.c.obj)
 .text.hfclkaudio_stop
                0x0000000000005f26        0x6 zephyr/drivers/clock_control/libdrivers__clock_control.a(clock_control_nrf.c.obj)
 .text.hfclk192m_stop
                0x0000000000005f2c        0x6 zephyr/drivers/clock_control/libdrivers__clock_control.a(clock_control_nrf.c.obj)
 .text.lfclk_stop
                0x0000000000005f32        0x6 zephyr/drivers/clock_control/libdrivers__clock_control.a(clock_control_nrf.c.obj)
 .text.is_regular_addr_valid
                0x0000000000005f38       0x22 zephyr/drivers/flash/libdrivers__flash.a(soc_flash_nrf.c.obj)
 .text.flash_nrf_erase
                0x0000000000005f5a       0x4c zephyr/drivers/flash/libdrivers__flash.a(soc_flash_nrf.c.obj)
 .text.flash_nrf_read
                0x0000000000005fa6       0x28 zephyr/drivers/flash/libdrivers__flash.a(soc_flash_nrf.c.obj)
 .text.flash_get_page_info
                0x0000000000005fce       0x62 zephyr/drivers/flash/libdrivers__flash.a(flash_page_layout.c.obj)
 .text.z_impl_flash_get_page_info_by_offs
                0x0000000000006030        0x8 zephyr/drivers/flash/libdrivers__flash.a(flash_page_layout.c.obj)
                0x0000000000006030                z_impl_flash_get_page_info_by_offs
 .text.flash_page_foreach
                0x0000000000006038       0x58 zephyr/drivers/flash/libdrivers__flash.a(flash_page_layout.c.obj)
                0x0000000000006038                flash_page_foreach
 .text.gpio_nrfx_port_get_raw
                0x0000000000006090        0xc zephyr/drivers/gpio/libdrivers__gpio.a(gpio_nrfx.c.obj)
 .text.gpio_nrfx_port_set_masked_raw
                0x000000000000609c       0x14 zephyr/drivers/gpio/libdrivers__gpio.a(gpio_nrfx.c.obj)
 .text.gpio_nrfx_port_set_bits_raw
                0x00000000000060b0        0xa zephyr/drivers/gpio/libdrivers__gpio.a(gpio_nrfx.c.obj)
 .text.gpio_nrfx_port_clear_bits_raw
                0x00000000000060ba        0xa zephyr/drivers/gpio/libdrivers__gpio.a(gpio_nrfx.c.obj)
 .text.gpio_nrfx_port_toggle_bits
                0x00000000000060c4       0x14 zephyr/drivers/gpio/libdrivers__gpio.a(gpio_nrfx.c.obj)
 .text.gpio_nrfx_manage_callback
                0x00000000000060d8       0x52 zephyr/drivers/gpio/libdrivers__gpio.a(gpio_nrfx.c.obj)
 .text.pinctrl_lookup_state
                0x000000000000612a       0x26 zephyr/drivers/pinctrl/libdrivers__pinctrl.a(common.c.obj)
                0x000000000000612a                pinctrl_lookup_state
 .text.uarte_nrfx_err_check
                0x0000000000006150        0xe zephyr/drivers/serial/libdrivers__serial.a(uart_nrfx_uarte.c.obj)
 .text.uarte_nrfx_poll_in
                0x000000000000615e       0x26 zephyr/drivers/serial/libdrivers__serial.a(uart_nrfx_uarte.c.obj)
 .text.is_tx_ready.isra.0
                0x0000000000006184       0x20 zephyr/drivers/serial/libdrivers__serial.a(uart_nrfx_uarte.c.obj)
 .text.uarte_nrfx_isr_int
                0x00000000000061a4       0x42 zephyr/drivers/serial/libdrivers__serial.a(uart_nrfx_uarte.c.obj)
 .text.pinctrl_apply_state.isra.0
                0x00000000000061e6       0x1e zephyr/drivers/serial/libdrivers__serial.a(uart_nrfx_uarte.c.obj)
 .text.uarte_nrfx_pm_action
                0x0000000000006204       0xf4 zephyr/drivers/serial/libdrivers__serial.a(uart_nrfx_uarte.c.obj)
 .text.event_clear
                0x00000000000062f8       0x18 zephyr/drivers/timer/libdrivers__timer.a(nrf_rtc_timer.c.obj)
 .text.hw_cc3xx_init_internal
                0x0000000000006310        0x4 modules/nrf/drivers/hw_cc3xx/lib..__nrf__drivers__hw_cc3xx.a(hw_cc3xx.c.obj)
 .text.hw_cc3xx_init
                0x0000000000006314       0x12 modules/nrf/drivers/hw_cc3xx/lib..__nrf__drivers__hw_cc3xx.a(hw_cc3xx.c.obj)
 .text.boot_swap_info_off
                0x0000000000006326        0xc modules/mcuboot/boot/bootutil/zephyr/libmcuboot_util.a(bootutil_public.c.obj)
                0x0000000000006326                boot_swap_info_off
 .text.boot_magic_compatible_check
                0x0000000000006332       0x1c modules/mcuboot/boot/bootutil/zephyr/libmcuboot_util.a(bootutil_public.c.obj)
                0x0000000000006332                boot_magic_compatible_check
 .text.bootutil_buffer_is_erased
                0x000000000000634e       0x26 modules/mcuboot/boot/bootutil/zephyr/libmcuboot_util.a(bootutil_public.c.obj)
                0x000000000000634e                bootutil_buffer_is_erased
 .text.boot_read_flag
                0x0000000000006374       0x38 modules/mcuboot/boot/bootutil/zephyr/libmcuboot_util.a(bootutil_public.c.obj)
 .text.boot_write_trailer
                0x00000000000063ac       0x58 modules/mcuboot/boot/bootutil/zephyr/libmcuboot_util.a(bootutil_public.c.obj)
                0x00000000000063ac                boot_write_trailer
 .text.boot_write_trailer_flag
                0x0000000000006404       0x14 modules/mcuboot/boot/bootutil/zephyr/libmcuboot_util.a(bootutil_public.c.obj)
                0x0000000000006404                boot_write_trailer_flag
 .text.boot_write_image_ok
                0x0000000000006418        0xe modules/mcuboot/boot/bootutil/zephyr/libmcuboot_util.a(bootutil_public.c.obj)
                0x0000000000006418                boot_write_image_ok
 .text.boot_read_image_ok
                0x0000000000006426        0xc modules/mcuboot/boot/bootutil/zephyr/libmcuboot_util.a(bootutil_public.c.obj)
                0x0000000000006426                boot_read_image_ok
 .text.boot_read_swap_state_by_id
                0x0000000000006432       0x28 modules/mcuboot/boot/bootutil/zephyr/libmcuboot_util.a(bootutil_public.c.obj)
                0x0000000000006432                boot_read_swap_state_by_id
 .text.boot_write_swap_info
                0x000000000000645a       0x22 modules/mcuboot/boot/bootutil/zephyr/libmcuboot_util.a(bootutil_public.c.obj)
                0x000000000000645a                boot_write_swap_info
 .text.boot_write_copy_done
                0x000000000000647c       0x10 modules/mcuboot/boot/bootutil/zephyr/libmcuboot_util.a(bootutil_public.c.obj)
                0x000000000000647c                boot_write_copy_done
 .text.mbedtls_asn1_get_len
                0x000000000000648c       0x68 modules/mbedtls/libmbedTLSBase.a(asn1parse.c.obj)
                0x000000000000648c                mbedtls_asn1_get_len
 .text.mbedtls_asn1_get_tag
                0x00000000000064f4       0x28 modules/mbedtls/libmbedTLSBase.a(asn1parse.c.obj)
                0x00000000000064f4                mbedtls_asn1_get_tag
 .text.mbedtls_asn1_get_mpi
                0x000000000000651c       0x26 modules/mbedtls/libmbedTLSBase.a(asn1parse.c.obj)
                0x000000000000651c                mbedtls_asn1_get_mpi
 .text.mbedtls_mpi_core_bitlen
                0x0000000000006542       0x1e modules/mbedtls/libmbedTLSBase.a(bignum_core.c.obj)
                0x0000000000006542                mbedtls_mpi_core_bitlen
 .text.mbedtls_mpi_core_bigendian_to_host
                0x0000000000006560       0x26 modules/mbedtls/libmbedTLSBase.a(bignum_core.c.obj)
                0x0000000000006560                mbedtls_mpi_core_bigendian_to_host
 .text.mbedtls_mpi_core_read_be
                0x0000000000006586       0x4a modules/mbedtls/libmbedTLSBase.a(bignum_core.c.obj)
                0x0000000000006586                mbedtls_mpi_core_read_be
 .text.mbedtls_mpi_core_write_be
                0x00000000000065d0       0x64 modules/mbedtls/libmbedTLSBase.a(bignum_core.c.obj)
                0x00000000000065d0                mbedtls_mpi_core_write_be
 .text.mbedtls_mpi_core_shift_r
                0x0000000000006634       0x74 modules/mbedtls/libmbedTLSBase.a(bignum_core.c.obj)
                0x0000000000006634                mbedtls_mpi_core_shift_r
 .text.mbedtls_mpi_core_shift_l
                0x00000000000066a8       0x6c modules/mbedtls/libmbedTLSBase.a(bignum_core.c.obj)
                0x00000000000066a8                mbedtls_mpi_core_shift_l
 .text.mbedtls_mpi_core_add
                0x0000000000006714       0x2c modules/mbedtls/libmbedTLSBase.a(bignum_core.c.obj)
                0x0000000000006714                mbedtls_mpi_core_add
 .text.mbedtls_mpi_core_sub
                0x0000000000006740       0x3a modules/mbedtls/libmbedTLSBase.a(bignum_core.c.obj)
                0x0000000000006740                mbedtls_mpi_core_sub
 .text.mbedtls_mpi_core_mla
                0x000000000000677a      0x178 modules/mbedtls/libmbedTLSBase.a(bignum_core.c.obj)
                0x000000000000677a                mbedtls_mpi_core_mla
 .text.mbedtls_mpi_core_montmul_init
                0x00000000000068f2       0x22 modules/mbedtls/libmbedTLSBase.a(bignum_core.c.obj)
                0x00000000000068f2                mbedtls_mpi_core_montmul_init
 .text.mbedtls_mpi_core_montmul
                0x0000000000006914       0x96 modules/mbedtls/libmbedTLSBase.a(bignum_core.c.obj)
                0x0000000000006914                mbedtls_mpi_core_montmul
 .text.mbedtls_mpi_core_get_mont_r2_unsafe
                0x00000000000069aa       0x34 modules/mbedtls/libmbedTLSBase.a(bignum_core.c.obj)
                0x00000000000069aa                mbedtls_mpi_core_get_mont_r2_unsafe
 .text.mbedtls_mpi_core_exp_mod_working_limbs
                0x00000000000069de       0x16 modules/mbedtls/libmbedTLSBase.a(bignum_core.c.obj)
                0x00000000000069de                mbedtls_mpi_core_exp_mod_working_limbs
 .text.mbedtls_mpi_core_exp_mod
                0x00000000000069f4       0x20 modules/mbedtls/libmbedTLSBase.a(bignum_core.c.obj)
                0x00000000000069f4                mbedtls_mpi_core_exp_mod
 .text.mbedtls_mpi_core_exp_mod_unsafe
                0x0000000000006a14       0x22 modules/mbedtls/libmbedTLSBase.a(bignum_core.c.obj)
                0x0000000000006a14                mbedtls_mpi_core_exp_mod_unsafe
 .text.mbedtls_mpi_core_sub_int
                0x0000000000006a36       0x22 modules/mbedtls/libmbedTLSBase.a(bignum_core.c.obj)
                0x0000000000006a36                mbedtls_mpi_core_sub_int
 .text.mbedtls_mpi_core_check_zero_ct
                0x0000000000006a58       0x18 modules/mbedtls/libmbedTLSBase.a(bignum_core.c.obj)
                0x0000000000006a58                mbedtls_mpi_core_check_zero_ct
 .text.mbedtls_mpi_core_to_mont_rep
                0x0000000000006a70       0x18 modules/mbedtls/libmbedTLSBase.a(bignum_core.c.obj)
                0x0000000000006a70                mbedtls_mpi_core_to_mont_rep
 .text.mbedtls_mpi_core_from_mont_rep
                0x0000000000006a88       0x20 modules/mbedtls/libmbedTLSBase.a(bignum_core.c.obj)
                0x0000000000006a88                mbedtls_mpi_core_from_mont_rep
 .text.mbedtls_mpi_init
                0x0000000000006aa8        0xa modules/mbedtls/libmbedTLSBase.a(bignum.c.obj)
                0x0000000000006aa8                mbedtls_mpi_init
 .text.mbedtls_mpi_free
                0x0000000000006ab2       0x1c modules/mbedtls/libmbedTLSBase.a(bignum.c.obj)
                0x0000000000006ab2                mbedtls_mpi_free
 .text.mbedtls_mpi_grow
                0x0000000000006ace       0x48 modules/mbedtls/libmbedTLSBase.a(bignum.c.obj)
                0x0000000000006ace                mbedtls_mpi_grow
 .text.mbedtls_mpi_resize_clear
                0x0000000000006b16       0x36 modules/mbedtls/libmbedTLSBase.a(bignum.c.obj)
 .text.mbedtls_mpi_shrink
                0x0000000000006b4c       0x62 modules/mbedtls/libmbedTLSBase.a(bignum.c.obj)
                0x0000000000006b4c                mbedtls_mpi_shrink
 .text.mbedtls_mpi_copy
                0x0000000000006bae       0x6a modules/mbedtls/libmbedTLSBase.a(bignum.c.obj)
                0x0000000000006bae                mbedtls_mpi_copy
 .text.mbedtls_mpi_lset
                0x0000000000006c18       0x38 modules/mbedtls/libmbedTLSBase.a(bignum.c.obj)
                0x0000000000006c18                mbedtls_mpi_lset
 .text.mbedtls_mpi_get_bit
                0x0000000000006c50       0x20 modules/mbedtls/libmbedTLSBase.a(bignum.c.obj)
                0x0000000000006c50                mbedtls_mpi_get_bit
 .text.mbedtls_mpi_bitlen
                0x0000000000006c70        0x8 modules/mbedtls/libmbedTLSBase.a(bignum.c.obj)
                0x0000000000006c70                mbedtls_mpi_bitlen
 .text.mbedtls_mpi_size
                0x0000000000006c78        0xc modules/mbedtls/libmbedTLSBase.a(bignum.c.obj)
                0x0000000000006c78                mbedtls_mpi_size
 .text.mbedtls_mpi_read_binary
                0x0000000000006c84       0x2c modules/mbedtls/libmbedTLSBase.a(bignum.c.obj)
                0x0000000000006c84                mbedtls_mpi_read_binary
 .text.mbedtls_mpi_write_binary
                0x0000000000006cb0        0xc modules/mbedtls/libmbedTLSBase.a(bignum.c.obj)
                0x0000000000006cb0                mbedtls_mpi_write_binary
 .text.mbedtls_mpi_shift_l
                0x0000000000006cbc       0x3a modules/mbedtls/libmbedTLSBase.a(bignum.c.obj)
                0x0000000000006cbc                mbedtls_mpi_shift_l
 .text.mbedtls_mpi_shift_r
                0x0000000000006cf6       0x12 modules/mbedtls/libmbedTLSBase.a(bignum.c.obj)
                0x0000000000006cf6                mbedtls_mpi_shift_r
 .text.mbedtls_mpi_cmp_abs
                0x0000000000006d08       0x5e modules/mbedtls/libmbedTLSBase.a(bignum.c.obj)
                0x0000000000006d08                mbedtls_mpi_cmp_abs
 .text.mbedtls_mpi_cmp_mpi
                0x0000000000006d66       0x90 modules/mbedtls/libmbedTLSBase.a(bignum.c.obj)
                0x0000000000006d66                mbedtls_mpi_cmp_mpi
 .text.mbedtls_mpi_cmp_int
                0x0000000000006df6       0x30 modules/mbedtls/libmbedTLSBase.a(bignum.c.obj)
                0x0000000000006df6                mbedtls_mpi_cmp_int
 .text.mbedtls_mpi_add_abs
                0x0000000000006e26       0x90 modules/mbedtls/libmbedTLSBase.a(bignum.c.obj)
                0x0000000000006e26                mbedtls_mpi_add_abs
 .text.mbedtls_mpi_sub_abs
                0x0000000000006eb6       0xa2 modules/mbedtls/libmbedTLSBase.a(bignum.c.obj)
                0x0000000000006eb6                mbedtls_mpi_sub_abs
 .text.add_sub_mpi
                0x0000000000006f58       0x62 modules/mbedtls/libmbedTLSBase.a(bignum.c.obj)
 .text.mbedtls_mpi_add_mpi
                0x0000000000006fba        0x6 modules/mbedtls/libmbedTLSBase.a(bignum.c.obj)
                0x0000000000006fba                mbedtls_mpi_add_mpi
 .text.mbedtls_mpi_sub_mpi
                0x0000000000006fc0        0x8 modules/mbedtls/libmbedTLSBase.a(bignum.c.obj)
                0x0000000000006fc0                mbedtls_mpi_sub_mpi
 .text.mbedtls_mpi_mul_int
                0x0000000000006fc8       0x62 modules/mbedtls/libmbedTLSBase.a(bignum.c.obj)
                0x0000000000006fc8                mbedtls_mpi_mul_int
 .text.mbedtls_mpi_mod_mpi
                0x000000000000702a       0x64 modules/mbedtls/libmbedTLSBase.a(bignum.c.obj)
                0x000000000000702a                mbedtls_mpi_mod_mpi
 .text.mbedtls_mpi_exp_mod_optionally_safe
                0x000000000000708e      0x1da modules/mbedtls/libmbedTLSBase.a(bignum.c.obj)
 .text.mbedtls_mpi_exp_mod_unsafe
                0x0000000000007268       0x14 modules/mbedtls/libmbedTLSBase.a(bignum.c.obj)
                0x0000000000007268                mbedtls_mpi_exp_mod_unsafe
 .text.mbedtls_zeroize_and_free
                0x000000000000727c       0x14 modules/mbedtls/libmbedTLSBase.a(platform_util.c.obj)
                0x000000000000727c                mbedtls_zeroize_and_free
 .text.platform_calloc_uninit
                0x0000000000007290        0x4 modules/mbedtls/libmbedTLSBase.a(platform.c.obj)
 .text.platform_exit_uninit
                0x0000000000007294        0x2 modules/mbedtls/libmbedTLSBase.a(platform.c.obj)
 .text.platform_free_uninit
                0x0000000000007296        0x2 modules/mbedtls/libmbedTLSBase.a(platform.c.obj)
 .text.mbedtls_rsa_import
                0x0000000000007298       0x86 modules/mbedtls/libmbedTLSBase.a(rsa.c.obj)
                0x0000000000007298                mbedtls_rsa_import
 .text.mbedtls_rsa_init
                0x000000000000731e       0x14 modules/mbedtls/libmbedTLSBase.a(rsa.c.obj)
                0x000000000000731e                mbedtls_rsa_init
 .text.mbedtls_rsa_get_len
                0x0000000000007332        0x4 modules/mbedtls/libmbedTLSBase.a(rsa.c.obj)
                0x0000000000007332                mbedtls_rsa_get_len
 .text.mbedtls_rsa_free
                0x0000000000007336       0x72 modules/mbedtls/libmbedTLSBase.a(rsa.c.obj)
                0x0000000000007336                mbedtls_rsa_free
 .text.mbedtls_bswap32
                0x00000000000073a8        0x4 modules/mbedtls/libmbedTLSBase.a(sha256.c.obj)
 .text.mbedtls_sha256_init
                0x00000000000073ac        0x8 modules/mbedtls/libmbedTLSBase.a(sha256.c.obj)
                0x00000000000073ac                mbedtls_sha256_init
 .text.mbedtls_sha256_free
                0x00000000000073b4        0xa modules/mbedtls/libmbedTLSBase.a(sha256.c.obj)
                0x00000000000073b4                mbedtls_sha256_free
 .text.mbedtls_sha256_update
                0x00000000000073be       0x7e modules/mbedtls/libmbedTLSBase.a(sha256.c.obj)
                0x00000000000073be                mbedtls_sha256_update
 .text.mbedtls_sha256_finish
                0x000000000000743c      0x142 modules/mbedtls/libmbedTLSBase.a(sha256.c.obj)
                0x000000000000743c                mbedtls_sha256_finish
 .text._mbedtls_init
                0x000000000000757e        0x4 modules/mbedtls/libmbedTLSBase.a(zephyr_init.c.obj)
 .text.nrfx_isr
                0x0000000000007582        0x2 modules/hal_nordic/nrfx/libmodules__hal_nordic__nrfx.a(nrfx_glue.c.obj)
                0x0000000000007582                nrfx_isr
 .text.nrfx_busy_wait
                0x0000000000007584        0x4 modules/hal_nordic/nrfx/libmodules__hal_nordic__nrfx.a(nrfx_glue.c.obj)
                0x0000000000007584                nrfx_busy_wait
 .text.nrfx_gppi_event_endpoint_setup
                0x0000000000007588        0xa modules/hal_nordic/nrfx/libmodules__hal_nordic__nrfx.a(nrfx_gppi_dppi.c.obj)
                0x0000000000007588                nrfx_gppi_event_endpoint_setup
 .text.nrfx_gppi_task_endpoint_setup
                0x0000000000007592        0xa modules/hal_nordic/nrfx/libmodules__hal_nordic__nrfx.a(nrfx_gppi_dppi.c.obj)
                0x0000000000007592                nrfx_gppi_task_endpoint_setup
 .text.nrfx_gppi_channel_endpoints_setup
                0x000000000000759c        0xe modules/hal_nordic/nrfx/libmodules__hal_nordic__nrfx.a(nrfx_gppi_dppi.c.obj)
                0x000000000000759c                nrfx_gppi_channel_endpoints_setup
 .text.clock_stop
                0x00000000000075aa      0x162 modules/hal_nordic/nrfx/libmodules__hal_nordic__nrfx.a(nrfx_clock.c.obj)
 .text.nrfx_clock_stop
                0x000000000000770c        0x4 modules/hal_nordic/nrfx/libmodules__hal_nordic__nrfx.a(nrfx_clock.c.obj)
                0x000000000000770c                nrfx_clock_stop
 .text.nrf_gpio_reconfigure
                0x0000000000007710       0x92 modules/hal_nordic/nrfx/libmodules__hal_nordic__nrfx.a(nrfx_gpiote.c.obj)
 .text.nrf_gpio_cfg_sense_set
                0x00000000000077a2       0x1e modules/hal_nordic/nrfx/libmodules__hal_nordic__nrfx.a(nrfx_gpiote.c.obj)
 .text.pin_trigger_disable
                0x00000000000077c0       0x48 modules/hal_nordic/nrfx/libmodules__hal_nordic__nrfx.a(nrfx_gpiote.c.obj)
 .text.nrfx_gpiote_pin_uninit
                0x0000000000007808        0x4 modules/hal_nordic/nrfx/libmodules__hal_nordic__nrfx.a(nrfx_gpiote.c.obj)
                0x0000000000007808                nrfx_gpiote_pin_uninit
 .text.nrfx_gpiote_trigger_disable
                0x000000000000780c        0x4 modules/hal_nordic/nrfx/libmodules__hal_nordic__nrfx.a(nrfx_gpiote.c.obj)
                0x000000000000780c                nrfx_gpiote_trigger_disable
 .text.nrfx_nvmc_flash_size_get
                0x0000000000007810        0x6 modules/hal_nordic/nrfx/libmodules__hal_nordic__nrfx.a(nrfx_nvmc.c.obj)
                0x0000000000007810                nrfx_nvmc_flash_size_get
 .text.nrfx_nvmc_flash_page_size_get
                0x0000000000007816        0x6 modules/hal_nordic/nrfx/libmodules__hal_nordic__nrfx.a(nrfx_nvmc.c.obj)
                0x0000000000007816                nrfx_nvmc_flash_page_size_get
 .text.nrfx_nvmc_flash_page_count_get
                0x000000000000781c        0x6 modules/hal_nordic/nrfx/libmodules__hal_nordic__nrfx.a(nrfx_nvmc.c.obj)
                0x000000000000781c                nrfx_nvmc_flash_page_count_get
 .text.z_impl_k_busy_wait
                0x0000000000007822        0x8 zephyr/kernel/libkernel.a(busy_wait.c.obj)
                0x0000000000007822                z_impl_k_busy_wait
 .text.z_device_state_init
                0x000000000000782a        0x2 zephyr/kernel/libkernel.a(device.c.obj)
                0x000000000000782a                z_device_state_init
 .text.z_impl_device_is_ready
                0x000000000000782c       0x16 zephyr/kernel/libkernel.a(device.c.obj)
                0x000000000000782c                z_impl_device_is_ready
 .text.arch_system_halt
                0x0000000000007842       0x10 zephyr/kernel/libkernel.a(fatal.c.obj)
                0x0000000000007842                arch_system_halt
 .text.k_sys_fatal_error_handler
                0x0000000000007852        0x6 zephyr/kernel/libkernel.a(fatal.c.obj)
                0x0000000000007852                k_sys_fatal_error_handler
 .text.z_fatal_error
                0x0000000000007858       0x1e zephyr/kernel/libkernel.a(fatal.c.obj)
                0x0000000000007858                z_fatal_error
 .text.do_device_init
                0x0000000000007876       0x30 zephyr/kernel/libkernel.a(init.c.obj)
 .text.z_early_memset
                0x00000000000078a6        0x4 zephyr/kernel/libkernel.a(init.c.obj)
                0x00000000000078a6                z_early_memset
 .text.z_early_memcpy
                0x00000000000078aa        0x4 zephyr/kernel/libkernel.a(init.c.obj)
                0x00000000000078aa                z_early_memcpy
 .text.z_init_static
                0x00000000000078ae        0x2 zephyr/kernel/libkernel.a(init_static.c.obj)
                0x00000000000078ae                z_init_static
 .text.k_is_in_isr
                0x00000000000078b0        0xc zephyr/kernel/libkernel.a(nothread.c.obj)
                0x00000000000078b0                k_is_in_isr
 *(SORT_BY_ALIGNMENT(.TEXT.*))
 *(SORT_BY_ALIGNMENT(.gnu.linkonce.t.*))
 *(SORT_BY_ALIGNMENT(.glue_7t))
 .glue_7t       0x00000000000078bc        0x0 linker stubs
 *(SORT_BY_ALIGNMENT(.glue_7))
 .glue_7        0x00000000000078bc        0x0 linker stubs
 *(SORT_BY_ALIGNMENT(.vfp11_veneer))
 .vfp11_veneer  0x00000000000078bc        0x0 linker stubs
 *(SORT_BY_ALIGNMENT(.v4_bx))
 .v4_bx         0x00000000000078bc        0x0 linker stubs
                0x00000000000078bc                . = ALIGN (0x4)
                0x00000000000078bc                __text_region_end = .

.ARM.exidx      0x00000000000078bc        0x8
                0x00000000000078bc                __exidx_start = .
 *(SORT_BY_ALIGNMENT(.ARM.exidx*) SORT_BY_ALIGNMENT(gnu.linkonce.armexidx.*))
 .ARM.exidx     0x00000000000078bc        0x8 /opt/nordic/ncs/toolchains/f8037e9b83/opt/zephyr-sdk/arm-zephyr-eabi/bin/../lib/gcc/arm-zephyr-eabi/12.2.0/thumb/v8-m.main/nofp/libgcc.a(_udivmoddi4.o)
                0x00000000000078c4                __exidx_end = .
                0x00000000000078c4                __rodata_region_start = .

initlevel       0x00000000000078c4       0x68
                0x00000000000078c4                __init_start = .
                0x00000000000078c4                __init_EARLY_start = .
 *(SORT_BY_NAME(SORT_BY_ALIGNMENT(.z_init_EARLY?_*)))
 *(SORT_BY_NAME(SORT_BY_ALIGNMENT(.z_init_EARLY??_*)))
                0x00000000000078c4                __init_PRE_KERNEL_1_start = .
 *(SORT_BY_NAME(SORT_BY_ALIGNMENT(.z_init_PRE_KERNEL_1?_*)))
 .z_init_PRE_KERNEL_10_0_
                0x00000000000078c4        0x8 zephyr/soc/soc/nrf5340/libsoc__nordic.a(soc.c.obj)
 .z_init_PRE_KERNEL_10_0_
                0x00000000000078cc        0x8 zephyr/soc/soc/nrf5340/libsoc__nordic.a(nrf53_cpunet_mgmt.c.obj)
 *(SORT_BY_NAME(SORT_BY_ALIGNMENT(.z_init_PRE_KERNEL_1??_*)))
 .z_init_PRE_KERNEL_130_00069_
                0x00000000000078d4        0x8 zephyr/drivers/clock_control/libdrivers__clock_control.a(clock_control_nrf.c.obj)
 .z_init_PRE_KERNEL_140_00006_
                0x00000000000078dc        0x8 zephyr/drivers/gpio/libdrivers__gpio.a(gpio_nrfx.c.obj)
 .z_init_PRE_KERNEL_140_00011_
                0x00000000000078e4        0x8 zephyr/drivers/gpio/libdrivers__gpio.a(gpio_nrfx.c.obj)
 .z_init_PRE_KERNEL_140_0_
                0x00000000000078ec        0x8 modules/nrf/drivers/hw_cc3xx/lib..__nrf__drivers__hw_cc3xx.a(hw_cc3xx.c.obj)
 .z_init_PRE_KERNEL_150_00106_
                0x00000000000078f4        0x8 zephyr/drivers/serial/libdrivers__serial.a(uart_nrfx_uarte.c.obj)
 .z_init_PRE_KERNEL_160_0_
                0x00000000000078fc        0x8 zephyr/drivers/console/libdrivers__console.a(uart_console.c.obj)
                0x0000000000007904                __init_PRE_KERNEL_2_start = .
 *(SORT_BY_NAME(SORT_BY_ALIGNMENT(.z_init_PRE_KERNEL_2?_*)))
 .z_init_PRE_KERNEL_20_0_
                0x0000000000007904        0x8 zephyr/drivers/timer/libdrivers__timer.a(nrf_rtc_timer.c.obj)
 *(SORT_BY_NAME(SORT_BY_ALIGNMENT(.z_init_PRE_KERNEL_2??_*)))
                0x000000000000790c                __init_POST_KERNEL_start = .
 *(SORT_BY_NAME(SORT_BY_ALIGNMENT(.z_init_POST_KERNEL?_*)))
 .z_init_POST_KERNEL0_0_
                0x000000000000790c        0x8 zephyr/soc/soc/nrf5340/libsoc__nordic.a(soc.c.obj)
 *(SORT_BY_NAME(SORT_BY_ALIGNMENT(.z_init_POST_KERNEL??_*)))
 .z_init_POST_KERNEL40_0_
                0x0000000000007914        0x8 modules/nrf/drivers/hw_cc3xx/lib..__nrf__drivers__hw_cc3xx.a(hw_cc3xx.c.obj)
 .z_init_POST_KERNEL40_0_
                0x000000000000791c        0x8 modules/mbedtls/libmbedTLSBase.a(zephyr_init.c.obj)
 .z_init_POST_KERNEL50_00114_
                0x0000000000007924        0x8 zephyr/drivers/flash/libdrivers__flash.a(soc_flash_nrf.c.obj)
                0x000000000000792c                __init_APPLICATION_start = .
 *(SORT_BY_NAME(SORT_BY_ALIGNMENT(.z_init_APPLICATION?_*)))
 *(SORT_BY_NAME(SORT_BY_ALIGNMENT(.z_init_APPLICATION??_*)))
                0x000000000000792c                __init_SMP_start = .
 *(SORT_BY_NAME(SORT_BY_ALIGNMENT(.z_init_SMP?_*)))
 *(SORT_BY_NAME(SORT_BY_ALIGNMENT(.z_init_SMP??_*)))
                0x000000000000792c                __init_end = .
                0x000000000000792c                __deferred_init_list_start = .
 *(SORT_BY_ALIGNMENT(.z_deferred_init*))
                0x000000000000792c                __deferred_init_list_end = .

device_area     0x000000000000792c       0x78
                0x000000000000792c                _device_list_start = .
 *(SORT_BY_NAME(SORT_BY_ALIGNMENT(._device.static.*_?_*)))
 *(SORT_BY_NAME(SORT_BY_ALIGNMENT(._device.static.*_??_*)))
 ._device.static.1_30_
                0x000000000000792c       0x18 zephyr/drivers/clock_control/libdrivers__clock_control.a(clock_control_nrf.c.obj)
                0x000000000000792c                __device_dts_ord_69
 ._device.static.1_40_
                0x0000000000007944       0x30 zephyr/drivers/gpio/libdrivers__gpio.a(gpio_nrfx.c.obj)
                0x0000000000007944                __device_dts_ord_11
                0x000000000000795c                __device_dts_ord_6
 ._device.static.1_50_
                0x0000000000007974       0x18 zephyr/drivers/serial/libdrivers__serial.a(uart_nrfx_uarte.c.obj)
                0x0000000000007974                __device_dts_ord_106
 ._device.static.3_50_
                0x000000000000798c       0x18 zephyr/drivers/flash/libdrivers__flash.a(soc_flash_nrf.c.obj)
                0x000000000000798c                __device_dts_ord_114
                0x00000000000079a4                _device_list_end = .

sw_isr_table    0x00000000000079a4      0x228
                0x00000000000079a4                . = ALIGN (0x4)
 *(SORT_BY_ALIGNMENT(.gnu.linkonce.sw_isr_table*))
 .gnu.linkonce.sw_isr_table
                0x00000000000079a4      0x228 zephyr/CMakeFiles/zephyr_final.dir/isr_tables.c.obj
                0x00000000000079a4                _sw_isr_table

initlevel_error
                0x00000000000078c4        0x0
 *(SORT_BY_NAME(SORT_BY_ALIGNMENT(.z_init_[_A-Z0-9]*)))
                0x0000000000000001                ASSERT ((SIZEOF (initlevel_error) == 0x0), Undefined initialization levels used.)

app_shmem_regions
                0x0000000000007bcc        0x0
                0x0000000000007bcc                __app_shmem_regions_start = .
 *(SORT_BY_NAME(SORT_BY_ALIGNMENT(.app_regions.*)))
                0x0000000000007bcc                __app_shmem_regions_end = .

k_p4wq_initparam_area
                0x0000000000007bcc        0x0
                0x0000000000007bcc                _k_p4wq_initparam_list_start = .
 *(SORT_BY_NAME(SORT_BY_ALIGNMENT(._k_p4wq_initparam.static.*)))
                0x0000000000007bcc                _k_p4wq_initparam_list_end = .

_static_thread_data_area
                0x0000000000007bcc        0x0
                0x0000000000007bcc                __static_thread_data_list_start = .
 *(SORT_BY_NAME(SORT_BY_ALIGNMENT(.__static_thread_data.static.*)))
                0x0000000000007bcc                __static_thread_data_list_end = .

device_deps     0x0000000000007bcc        0x0
                0x0000000000007bcc                __device_deps_start = .
 *(SORT_BY_NAME(SORT_BY_ALIGNMENT(.__device_deps_pass2*)))
                0x0000000000007bcc                __device_deps_end = .

ztest           0x0000000000007bcc        0x0
                0x0000000000007bcc                _ztest_expected_result_entry_list_start = .
 *(SORT_BY_NAME(SORT_BY_ALIGNMENT(._ztest_expected_result_entry.static.*)))
                0x0000000000007bcc                _ztest_expected_result_entry_list_end = .
                0x0000000000007bcc                _ztest_suite_node_list_start = .
 *(SORT_BY_NAME(SORT_BY_ALIGNMENT(._ztest_suite_node.static.*)))
                0x0000000000007bcc                _ztest_suite_node_list_end = .
                0x0000000000007bcc                _ztest_unit_test_list_start = .
 *(SORT_BY_NAME(SORT_BY_ALIGNMENT(._ztest_unit_test.static.*)))
                0x0000000000007bcc                _ztest_unit_test_list_end = .
                0x0000000000007bcc                _ztest_test_rule_list_start = .
 *(SORT_BY_NAME(SORT_BY_ALIGNMENT(._ztest_test_rule.static.*)))
                0x0000000000007bcc                _ztest_test_rule_list_end = .

init_array      0x0000000000007bcc        0x0
 *(SORT_BY_NAME(SORT_BY_ALIGNMENT(.ctors*)))
 *(SORT_BY_NAME(SORT_BY_ALIGNMENT(.init_array*)))
                0x0000000000000001                ASSERT ((SIZEOF (init_array) == 0x0), GNU-style constructors required but STATIC_INIT_GNU not enabled)

bt_l2cap_fixed_chan_area
                0x0000000000007bcc        0x0
                0x0000000000007bcc                _bt_l2cap_fixed_chan_list_start = .
 *(SORT_BY_NAME(SORT_BY_ALIGNMENT(._bt_l2cap_fixed_chan.static.*)))
                0x0000000000007bcc                _bt_l2cap_fixed_chan_list_end = .

bt_gatt_service_static_area
                0x0000000000007bcc        0x0
                0x0000000000007bcc                _bt_gatt_service_static_list_start = .
 *(SORT_BY_NAME(SORT_BY_ALIGNMENT(._bt_gatt_service_static.static.*)))
                0x0000000000007bcc                _bt_gatt_service_static_list_end = .

log_strings_area
                0x0000000000007bcc        0x0
                0x0000000000007bcc                _log_strings_list_start = .
 *(SORT_BY_NAME(SORT_BY_ALIGNMENT(._log_strings.static.*)))
                0x0000000000007bcc                _log_strings_list_end = .

log_const_area  0x0000000000007bcc        0x8
                0x0000000000007bcc                _log_const_list_start = .
 *(SORT_BY_NAME(SORT_BY_ALIGNMENT(._log_const.static.*)))
 ._log_const.static.log_const_mcuboot_
                0x0000000000007bcc        0x8 app/libapp.a(main.c.obj)
                0x0000000000007bcc                log_const_mcuboot
                0x0000000000007bd4                _log_const_list_end = .

log_backend_area
                0x0000000000007bd4        0x0
                0x0000000000007bd4                _log_backend_list_start = .
 *(SORT_BY_NAME(SORT_BY_ALIGNMENT(._log_backend.static.*)))
                0x0000000000007bd4                _log_backend_list_end = .

log_link_area   0x0000000000007bd4        0x0
                0x0000000000007bd4                _log_link_list_start = .
 *(SORT_BY_NAME(SORT_BY_ALIGNMENT(._log_link.static.*)))
                0x0000000000007bd4                _log_link_list_end = .

tracing_backend_area
                0x0000000000007bd4        0x0
                0x0000000000007bd4                _tracing_backend_list_start = .
 *(SORT_BY_NAME(SORT_BY_ALIGNMENT(._tracing_backend.static.*)))
                0x0000000000007bd4                _tracing_backend_list_end = .

zephyr_dbg_info
 *(SORT_BY_ALIGNMENT(.dbg_thread_info))

intc_table_area
                0x0000000000007bd4        0x0
                0x0000000000007bd4                _intc_table_list_start = .
 *(SORT_BY_NAME(SORT_BY_ALIGNMENT(._intc_table.static.*)))
                0x0000000000007bd4                _intc_table_list_end = .

symbol_to_keep  0x0000000000007bd4        0x0
                0x0000000000007bd4                __symbol_to_keep_start = .
 *(SORT_BY_NAME(SORT_BY_ALIGNMENT(.symbol_to_keep*)))
                0x0000000000007bd4                __symbol_to_keep_end = .

shell_area      0x0000000000007bd4        0x0
                0x0000000000007bd4                _shell_list_start = .
 *(SORT_BY_NAME(SORT_BY_ALIGNMENT(._shell.static.*)))
                0x0000000000007bd4                _shell_list_end = .

shell_root_cmds_area
                0x0000000000007bd4        0x0
                0x0000000000007bd4                _shell_root_cmds_list_start = .
 *(SORT_BY_NAME(SORT_BY_ALIGNMENT(._shell_root_cmds.static.*)))
                0x0000000000007bd4                _shell_root_cmds_list_end = .

shell_subcmds_area
                0x0000000000007bd4        0x0
                0x0000000000007bd4                _shell_subcmds_list_start = .
 *(SORT_BY_NAME(SORT_BY_ALIGNMENT(._shell_subcmds.static.*)))
                0x0000000000007bd4                _shell_subcmds_list_end = .

shell_dynamic_subcmds_area
                0x0000000000007bd4        0x0
                0x0000000000007bd4                _shell_dynamic_subcmds_list_start = .
 *(SORT_BY_NAME(SORT_BY_ALIGNMENT(._shell_dynamic_subcmds.static.*)))
                0x0000000000007bd4                _shell_dynamic_subcmds_list_end = .

cfb_font_area   0x0000000000007bd4        0x0
                0x0000000000007bd4                _cfb_font_list_start = .
 *(SORT_BY_NAME(SORT_BY_ALIGNMENT(._cfb_font.static.*)))
                0x0000000000007bd4                _cfb_font_list_end = .

rodata          0x0000000000007be0      0x9b0
 *(SORT_BY_ALIGNMENT(.rodata))
 *(SORT_BY_ALIGNMENT(.rodata.*))
 .rodata.delay_machine_code.0
                0x0000000000007be0        0x6 zephyr/soc/soc/nrf5340/libsoc__nordic.a(soc.c.obj)
 *fill*         0x0000000000007be6        0x2 
 .rodata.all_slots.0
                0x0000000000007be8        0x8 app/libapp.a(flash_map_extended.c.obj)
 .rodata.bootutil_key_cnt
                0x0000000000007bf0        0x4 app/libapp.a(keys.c.obj)
                0x0000000000007bf0                bootutil_key_cnt
 .rodata.bootutil_keys
                0x0000000000007bf4        0x8 app/libapp.a(keys.c.obj)
                0x0000000000007bf4                bootutil_keys
 .rodata.all_slots.0
                0x0000000000007bfc        0x8 app/libapp.a(bootutil_misc.c.obj)
 .rodata.all_slots.0
                0x0000000000007c04        0x8 app/libapp.a(swap_misc.c.obj)
 .rodata.rsa_pub_key_len
                0x0000000000007c0c        0x4 app/libapp.a(autogen-pubkey.c.obj)
                0x0000000000007c0c                rsa_pub_key_len
 .rodata.nrf_uarte_to_clean
                0x0000000000007c10        0x8 app/libapp.a(nrf_cleanup.c.obj)
 .rodata.mem_attr_region
                0x0000000000007c18        0x0 zephyr/libzephyr.a(mem_attr.c.obj)
 .rodata.flash_map_entries
                0x0000000000007c18        0x4 zephyr/libzephyr.a(flash_map_partition_manager.c.obj)
                0x0000000000007c18                flash_map_entries
 .rodata.default_flash_map
                0x0000000000007c1c       0x70 zephyr/libzephyr.a(flash_map_partition_manager.c.obj)
                0x0000000000007c1c                default_flash_map
 .rodata.apis   0x0000000000007c8c        0x8 zephyr/libzephyr.a(nrf_cc3xx_platform_abort_zephyr.c.obj)
 .rodata.static_regions
                0x0000000000007c94        0xc zephyr/arch/arch/arm/core/mpu/libarch__arm__core__mpu.a(arm_core_mpu.c.obj)
 .rodata.mpu_config
                0x0000000000007ca0        0x8 zephyr/arch/arch/arm/core/mpu/libarch__arm__core__mpu.a(arm_mpu_regions.c.obj)
                0x0000000000007ca0                mpu_config
 .rodata.mpu_regions
                0x0000000000007ca8       0x20 zephyr/arch/arch/arm/core/mpu/libarch__arm__core__mpu.a(arm_mpu_regions.c.obj)
 .rodata.transitions.0
                0x0000000000007cc8        0xc zephyr/soc/soc/nrf5340/libsoc__nordic.a(nrf53_cpunet_mgmt.c.obj)
 .rodata.transitions.0
                0x0000000000007cd4        0xc zephyr/drivers/clock_control/libdrivers__clock_control.a(clock_control_nrf.c.obj)
 .rodata.config
                0x0000000000007ce0       0x30 zephyr/drivers/clock_control/libdrivers__clock_control.a(clock_control_nrf.c.obj)
 .rodata.clock_control_api
                0x0000000000007d10       0x1c zephyr/drivers/clock_control/libdrivers__clock_control.a(clock_control_nrf.c.obj)
 .rodata.flash_nrf_api
                0x0000000000007d2c       0x14 zephyr/drivers/flash/libdrivers__flash.a(soc_flash_nrf.c.obj)
 .rodata.flash_nrf_parameters
                0x0000000000007d40        0x8 zephyr/drivers/flash/libdrivers__flash.a(soc_flash_nrf.c.obj)
 .rodata.gpio_nrfx_p1_cfg
                0x0000000000007d48       0x18 zephyr/drivers/gpio/libdrivers__gpio.a(gpio_nrfx.c.obj)
 .rodata.gpio_nrfx_p0_cfg
                0x0000000000007d60       0x18 zephyr/drivers/gpio/libdrivers__gpio.a(gpio_nrfx.c.obj)
 .rodata.gpio_nrfx_drv_api_funcs
                0x0000000000007d78       0x24 zephyr/drivers/gpio/libdrivers__gpio.a(gpio_nrfx.c.obj)
 .rodata.uarte_0z_config
                0x0000000000007d9c       0x24 zephyr/drivers/serial/libdrivers__serial.a(uart_nrfx_uarte.c.obj)
 .rodata.__pinctrl_dev_config__device_dts_ord_106
                0x0000000000007dc0        0xc zephyr/drivers/serial/libdrivers__serial.a(uart_nrfx_uarte.c.obj)
 .rodata.__pinctrl_states__device_dts_ord_106
                0x0000000000007dcc       0x10 zephyr/drivers/serial/libdrivers__serial.a(uart_nrfx_uarte.c.obj)
 .rodata.__pinctrl_state_pins_1__device_dts_ord_106
                0x0000000000007ddc        0x8 zephyr/drivers/serial/libdrivers__serial.a(uart_nrfx_uarte.c.obj)
 .rodata.__pinctrl_state_pins_0__device_dts_ord_106
                0x0000000000007de4        0x8 zephyr/drivers/serial/libdrivers__serial.a(uart_nrfx_uarte.c.obj)
 .rodata.uart_nrfx_uarte_driver_api
                0x0000000000007dec        0xc zephyr/drivers/serial/libdrivers__serial.a(uart_nrfx_uarte.c.obj)
 .rodata.all_slots.0
                0x0000000000007df8        0x8 modules/mcuboot/boot/bootutil/zephyr/libmcuboot_util.a(bootutil_public.c.obj)
 .rodata.K      0x0000000000007e00      0x100 modules/mbedtls/libmbedTLSBase.a(sha256.c.obj)
 .rodata.levels.0
                0x0000000000007f00       0x18 zephyr/kernel/libkernel.a(init.c.obj)
 .rodata.CSWTCH.10
                0x0000000000007f18       0x20 /opt/nordic/ncs/v2.9.0/nrfxlib/crypto/nrf_cc312_platform/lib/cortex-m33/soft-float/no-interrupts/libnrf_cc312_platform_0.9.19.a(nrf_cc3xx_platform.c.obj)
 .rodata.CC_PalPowerSaveModeInit.str1.4
                0x0000000000007f38       0x20 /opt/nordic/ncs/v2.9.0/nrfxlib/crypto/nrf_cc312_platform/lib/cortex-m33/soft-float/no-interrupts/libnrf_cc312_platform_0.9.19.a(cc_pal_pm.c.obj)
 .rodata.mutex_free.str1.4
                0x0000000000007f58       0x26 /opt/nordic/ncs/v2.9.0/nrfxlib/crypto/nrf_cc312_platform/lib/cortex-m33/soft-float/no-interrupts/libnrf_cc312_platform_0.9.19.a(nrf_cc3xx_platform_mutex.c.obj)
 *fill*         0x0000000000007f7e        0x2 
 .rodata.mutex_init.str1.4
                0x0000000000007f80       0x23 /opt/nordic/ncs/v2.9.0/nrfxlib/crypto/nrf_cc312_platform/lib/cortex-m33/soft-float/no-interrupts/libnrf_cc312_platform_0.9.19.a(nrf_cc3xx_platform_mutex.c.obj)
 *fill*         0x0000000000007fa3        0x1 
 .rodata.allowed_unprot_tlvs
                0x0000000000007fa4       0x1e app/libapp.a(image_validate.c.obj)
 .rodata.boot_img_magic
                0x0000000000007fc2       0x10 modules/mcuboot/boot/bootutil/zephyr/libmcuboot_util.a(bootutil_public.c.obj)
                0x0000000000007fc2                boot_img_magic
 .rodata.main.str1.1
                0x0000000000007fd2       0x71 app/libapp.a(main.c.obj)
 .rodata.str1.1
                0x0000000000008043        0x8 app/libapp.a(main.c.obj)
 .rodata.flash_device_base.str1.1